Archive member included to satisfy reference by file (symbol)

C:/ST/STM32CubeIDE_1.13.1/STM32CubeIDE/plugins/com.st.stm32cube.ide.mcu.externaltools.gnu-tools-for-stm32.11.3.rel1.win32_1.1.0.202305231506/tools/bin/../lib/gcc/arm-none-eabi/11.3.1/../../../../arm-none-eabi/lib/thumb/v7e-m/nofp\libm.a(libm_a-s_lround.o)
                              ./Core/Src/main.o (lround)
C:/ST/STM32CubeIDE_1.13.1/STM32CubeIDE/plugins/com.st.stm32cube.ide.mcu.externaltools.gnu-tools-for-stm32.11.3.rel1.win32_1.1.0.202305231506/tools/bin/../lib/gcc/arm-none-eabi/11.3.1/../../../../arm-none-eabi/lib/thumb/v7e-m/nofp\libc_nano.a(libc_a-exit.o)
                              C:/ST/STM32CubeIDE_1.13.1/STM32CubeIDE/plugins/com.st.stm32cube.ide.mcu.externaltools.gnu-tools-for-stm32.11.3.rel1.win32_1.1.0.202305231506/tools/bin/../lib/gcc/arm-none-eabi/11.3.1/../../../../arm-none-eabi/lib/thumb/v7e-m/nofp/crt0.o (exit)
C:/ST/STM32CubeIDE_1.13.1/STM32CubeIDE/plugins/com.st.stm32cube.ide.mcu.externaltools.gnu-tools-for-stm32.11.3.rel1.win32_1.1.0.202305231506/tools/bin/../lib/gcc/arm-none-eabi/11.3.1/../../../../arm-none-eabi/lib/thumb/v7e-m/nofp\libc_nano.a(libc_a-findfp.o)
                              C:/ST/STM32CubeIDE_1.13.1/STM32CubeIDE/plugins/com.st.stm32cube.ide.mcu.externaltools.gnu-tools-for-stm32.11.3.rel1.win32_1.1.0.202305231506/tools/bin/../lib/gcc/arm-none-eabi/11.3.1/../../../../arm-none-eabi/lib/thumb/v7e-m/nofp\libc_nano.a(libc_a-exit.o) (__stdio_exit_handler)
C:/ST/STM32CubeIDE_1.13.1/STM32CubeIDE/plugins/com.st.stm32cube.ide.mcu.externaltools.gnu-tools-for-stm32.11.3.rel1.win32_1.1.0.202305231506/tools/bin/../lib/gcc/arm-none-eabi/11.3.1/../../../../arm-none-eabi/lib/thumb/v7e-m/nofp\libc_nano.a(libc_a-fwalk.o)
                              C:/ST/STM32CubeIDE_1.13.1/STM32CubeIDE/plugins/com.st.stm32cube.ide.mcu.externaltools.gnu-tools-for-stm32.11.3.rel1.win32_1.1.0.202305231506/tools/bin/../lib/gcc/arm-none-eabi/11.3.1/../../../../arm-none-eabi/lib/thumb/v7e-m/nofp\libc_nano.a(libc_a-findfp.o) (_fwalk_sglue)
C:/ST/STM32CubeIDE_1.13.1/STM32CubeIDE/plugins/com.st.stm32cube.ide.mcu.externaltools.gnu-tools-for-stm32.11.3.rel1.win32_1.1.0.202305231506/tools/bin/../lib/gcc/arm-none-eabi/11.3.1/../../../../arm-none-eabi/lib/thumb/v7e-m/nofp\libc_nano.a(libc_a-stdio.o)
                              C:/ST/STM32CubeIDE_1.13.1/STM32CubeIDE/plugins/com.st.stm32cube.ide.mcu.externaltools.gnu-tools-for-stm32.11.3.rel1.win32_1.1.0.202305231506/tools/bin/../lib/gcc/arm-none-eabi/11.3.1/../../../../arm-none-eabi/lib/thumb/v7e-m/nofp\libc_nano.a(libc_a-findfp.o) (__sread)
C:/ST/STM32CubeIDE_1.13.1/STM32CubeIDE/plugins/com.st.stm32cube.ide.mcu.externaltools.gnu-tools-for-stm32.11.3.rel1.win32_1.1.0.202305231506/tools/bin/../lib/gcc/arm-none-eabi/11.3.1/../../../../arm-none-eabi/lib/thumb/v7e-m/nofp\libc_nano.a(libc_a-memset.o)
                              C:/ST/STM32CubeIDE_1.13.1/STM32CubeIDE/plugins/com.st.stm32cube.ide.mcu.externaltools.gnu-tools-for-stm32.11.3.rel1.win32_1.1.0.202305231506/tools/bin/../lib/gcc/arm-none-eabi/11.3.1/../../../../arm-none-eabi/lib/thumb/v7e-m/nofp/crt0.o (memset)
C:/ST/STM32CubeIDE_1.13.1/STM32CubeIDE/plugins/com.st.stm32cube.ide.mcu.externaltools.gnu-tools-for-stm32.11.3.rel1.win32_1.1.0.202305231506/tools/bin/../lib/gcc/arm-none-eabi/11.3.1/../../../../arm-none-eabi/lib/thumb/v7e-m/nofp\libc_nano.a(libc_a-closer.o)
                              C:/ST/STM32CubeIDE_1.13.1/STM32CubeIDE/plugins/com.st.stm32cube.ide.mcu.externaltools.gnu-tools-for-stm32.11.3.rel1.win32_1.1.0.202305231506/tools/bin/../lib/gcc/arm-none-eabi/11.3.1/../../../../arm-none-eabi/lib/thumb/v7e-m/nofp\libc_nano.a(libc_a-stdio.o) (_close_r)
C:/ST/STM32CubeIDE_1.13.1/STM32CubeIDE/plugins/com.st.stm32cube.ide.mcu.externaltools.gnu-tools-for-stm32.11.3.rel1.win32_1.1.0.202305231506/tools/bin/../lib/gcc/arm-none-eabi/11.3.1/../../../../arm-none-eabi/lib/thumb/v7e-m/nofp\libc_nano.a(libc_a-reent.o)
                              C:/ST/STM32CubeIDE_1.13.1/STM32CubeIDE/plugins/com.st.stm32cube.ide.mcu.externaltools.gnu-tools-for-stm32.11.3.rel1.win32_1.1.0.202305231506/tools/bin/../lib/gcc/arm-none-eabi/11.3.1/../../../../arm-none-eabi/lib/thumb/v7e-m/nofp\libc_nano.a(libc_a-closer.o) (errno)
C:/ST/STM32CubeIDE_1.13.1/STM32CubeIDE/plugins/com.st.stm32cube.ide.mcu.externaltools.gnu-tools-for-stm32.11.3.rel1.win32_1.1.0.202305231506/tools/bin/../lib/gcc/arm-none-eabi/11.3.1/../../../../arm-none-eabi/lib/thumb/v7e-m/nofp\libc_nano.a(libc_a-impure.o)
                              C:/ST/STM32CubeIDE_1.13.1/STM32CubeIDE/plugins/com.st.stm32cube.ide.mcu.externaltools.gnu-tools-for-stm32.11.3.rel1.win32_1.1.0.202305231506/tools/bin/../lib/gcc/arm-none-eabi/11.3.1/../../../../arm-none-eabi/lib/thumb/v7e-m/nofp\libc_nano.a(libc_a-reent.o) (_impure_ptr)
[...]
Memory Configuration

Name             Origin             Length             Attributes
RAM1             0x0000000020000000 0x0000000000004000 xrw
RAM2             0x0000000020008000 0x0000000000008000 xrw
FLASH            0x0000000008000000 0x0000000000020000 xr
*default*        0x0000000000000000 0xffffffffffffffff

Linker script and memory map

LOAD C:/ST/STM32CubeIDE_1.13.1/STM32CubeIDE/plugins/com.st.stm32cube.ide.mcu.externaltools.gnu-tools-for-stm32.11.3.rel1.win32_1.1.0.202305231506/tools/bin/../lib/gcc/arm-none-eabi/11.3.1/thumb/v7e-m/nofp/crti.o
LOAD C:/ST/STM32CubeIDE_1.13.1/STM32CubeIDE/plugins/com.st.stm32cube.ide.mcu.externaltools.gnu-tools-for-stm32.11.3.rel1.win32_1.1.0.202305231506/tools/bin/../lib/gcc/arm-none-eabi/11.3.1/thumb/v7e-m/nofp/crtbegin.o
LOAD C:/ST/STM32CubeIDE_1.13.1/STM32CubeIDE/plugins/com.st.stm32cube.ide.mcu.externaltools.gnu-tools-for-stm32.11.3.rel1.win32_1.1.0.202305231506/tools/bin/../lib/gcc/arm-none-eabi/11.3.1/../../../../arm-none-eabi/lib/thumb/v7e-m/nofp/crt0.o
LOAD ./Core/Src/beacon_config.o
LOAD ./Core/Src/main.o
LOAD ./Core/Src/stm32wlxx_hal_msp.o
LOAD ./Core/Src/stm32wlxx_it.o
LOAD ./Core/Src/syscalls.o
LOAD ./Core/Src/sysmem.o
LOAD ./Core/Src/system_stm32wlxx.o
LOAD ./Core/Startup/startup_stm32wle5cbux.o
LOAD ./Drivers/STM32WLxx_HAL_Driver/Src/stm32wlxx_hal.o
LOAD ./Drivers/STM32WLxx_HAL_Driver/Src/stm32wlxx_hal_adc.o
LOAD ./Drivers/STM32WLxx_HAL_Driver/Src/stm32wlxx_hal_adc_ex.o
LOAD ./Drivers/STM32WLxx_HAL_Driver/Src/stm32wlxx_hal_cortex.o
LOAD ./Drivers/STM32WLxx_HAL_Driver/Src/stm32wlxx_hal_crc.o
LOAD ./Drivers/STM32WLxx_HAL_Driver/Src/stm32wlxx_hal_crc_ex.o
LOAD ./Drivers/STM32WLxx_HAL_Driver/Src/stm32wlxx_hal_dma.o
LOAD ./Drivers/STM32WLxx_HAL_Driver/Src/stm32wlxx_hal_dma_ex.o
LOAD ./Drivers/STM32WLxx_HAL_Driver/Src/stm32wlxx_hal_exti.o
LOAD ./Drivers/STM32WLxx_HAL_Driver/Src/stm32wlxx_hal_flash.o
LOAD ./Drivers/STM32WLxx_HAL_Driver/Src/stm32wlxx_hal_flash_ex.o
LOAD ./Drivers/STM32WLxx_HAL_Driver/Src/stm32wlxx_hal_gpio.o
LOAD ./Drivers/STM32WLxx_HAL_Driver/Src/stm32wlxx_hal_pwr.o
LOAD ./Drivers/STM32WLxx_HAL_Driver/Src/stm32wlxx_hal_pwr_ex.o
LOAD ./Drivers/STM32WLxx_HAL_Driver/Src/stm32wlxx_hal_rcc.o
LOAD ./Drivers/STM32WLxx_HAL_Driver/Src/stm32wlxx_hal_rcc_ex.o
LOAD ./Drivers/STM32WLxx_HAL_Driver/Src/stm32wlxx_hal_subghz.o
LOAD ./Drivers/STM32WLxx_HAL_Driver/Src/stm32wlxx_hal_uart.o
LOAD ./Drivers/STM32WLxx_HAL_Driver/Src/stm32wlxx_hal_uart_ex.o
LOAD ./Drivers/STM32WLxx_HAL_Driver/Src/stm32wlxx_ll_adc.o
START GROUP
LOAD C:/ST/STM32CubeIDE_1.13.1/STM32CubeIDE/plugins/com.st.stm32cube.ide.mcu.externaltools.gnu-tools-for-stm32.11.3.rel1.win32_1.1.0.202305231506/tools/bin/../lib/gcc/arm-none-eabi/11.3.1/../../../../arm-none-eabi/lib/thumb/v7e-m/nofp\libstdc++_nano.a
LOAD C:/ST/STM32CubeIDE_1.13.1/STM32CubeIDE/plugins/com.st.stm32cube.ide.mcu.externaltools.gnu-tools-for-stm32.11.3.rel1.win32_1.1.0.202305231506/tools/bin/../lib/gcc/arm-none-eabi/11.3.1/../../../../arm-none-eabi/lib/thumb/v7e-m/nofp\libsupc++_nano.a
END GROUP
LOAD C:/ST/STM32CubeIDE_1.13.1/STM32CubeIDE/plugins/com.st.stm32cube.ide.mcu.externaltools.gnu-tools-for-stm32.11.3.rel1.win32_1.1.0.202305231506/tools/bin/../lib/gcc/arm-none-eabi/11.3.1/../../../../arm-none-eabi/lib/thumb/v7e-m/nofp\libstdc++_nano.a
LOAD C:/ST/STM32CubeIDE_1.13.1/STM32CubeIDE/plugins/com.st.stm32cube.ide.mcu.externaltools.gnu-tools-for-stm32.11.3.rel1.win32_1.1.0.202305231506/tools/bin/../lib/gcc/arm-none-eabi/11.3.1/../../../../arm-none-eabi/lib/thumb/v7e-m/nofp\libm.a
LOAD C:/ST/STM32CubeIDE_1.13.1/STM32CubeIDE/plugins/com.st.stm32cube.ide.mcu.externaltools.gnu-tools-for-stm32.11.3.rel1.win32_1.1.0.202305231506/tools/bin/../lib/gcc/arm-none-eabi/11.3.1/../../../../arm-none-eabi/lib/thumb/v7e-m/nofp\libc_nano.a
START GROUP
LOAD C:/ST/STM32CubeIDE_1.13.1/STM32CubeIDE/plugins/com.st.stm32cube.ide.mcu.externaltools.gnu-tools-for-stm32.11.3.rel1.win32_1.1.0.202305231506/tools/bin/../lib/gcc/arm-none-eabi/11.3.1/thumb/v7e-m/nofp\libgcc.a
LOAD C:/ST/STM32CubeIDE_1.13.1/STM32CubeIDE/plugins/com.st.stm32cube.ide.mcu.externaltools.gnu-tools-for-stm32.11.3.rel1.win32_1.1.0.202305231506/tools/bin/../lib/gcc/arm-none-eabi/11.3.1/../../../../arm-none-eabi/lib/thumb/v7e-m/nofp\libc_nano.a
END GROUP
START GROUP
LOAD C:/ST/STM32CubeIDE_1.13.1/STM32CubeIDE/plugins/com.st.stm32cube.ide.mcu.externaltools.gnu-tools-for-stm32.11.3.rel1.win32_1.1.0.202305231506/tools/bin/../lib/gcc/arm-none-eabi/11.3.1/thumb/v7e-m/nofp\libgcc.a
LOAD C:/ST/STM32CubeIDE_1.13.1/STM32CubeIDE/plugins/com.st.stm32cube.ide.mcu.externaltools.gnu-tools-for-stm32.11.3.rel1.win32_1.1.0.202305231506/tools/bin/../lib/gcc/arm-none-eabi/11.3.1/../../../../arm-none-eabi/lib/thumb/v7e-m/nofp\libc_nano.a
LOAD C:/ST/STM32CubeIDE_1.13.1/STM32CubeIDE/plugins/com.st.stm32cube.ide.mcu.externaltools.gnu-tools-for-stm32.11.3.rel1.win32_1.1.0.202305231506/tools/bin/../lib/gcc/arm-none-eabi/11.3.1/../../../../arm-none-eabi/lib/thumb/v7e-m/nofp\libnosys.a
END GROUP
START GROUP
LOAD C:/ST/STM32CubeIDE_1.13.1/STM32CubeIDE/plugins/com.st.stm32cube.ide.mcu.externaltools.gnu-tools-for-stm32.11.3.rel1.win32_1.1.0.202305231506/tools/bin/../lib/gcc/arm-none-eabi/11.3.1/thumb/v7e-m/nofp\libgcc.a
LOAD C:/ST/STM32CubeIDE_1.13.1/STM32CubeIDE/plugins/com.st.stm32cube.ide.mcu.externaltools.gnu-tools-for-stm32.11.3.rel1.win32_1.1.0.202305231506/tools/bin/../lib/gcc/arm-none-eabi/11.3.1/../../../../arm-none-eabi/lib/thumb/v7e-m/nofp\libc_nano.a
LOAD C:/ST/STM32CubeIDE_1.13.1/STM32CubeIDE/plugins/com.st.stm32cube.ide.mcu.externaltools.gnu-tools-for-stm32.11.3.rel1.win32_1.1.0.202305231506/tools/bin/../lib/gcc/arm-none-eabi/11.3.1/../../../../arm-none-eabi/lib/thumb/v7e-m/nofp\libnosys.a
END GROUP
LOAD C:/ST/STM32CubeIDE_1.13.1/STM32CubeIDE/plugins/com.st.stm32cube.ide.mcu.externaltools.gnu-tools-for-stm32.11.3.rel1.win32_1.1.0.202305231506/tools/bin/../lib/gcc/arm-none-eabi/11.3.1/thumb/v7e-m/nofp/crtend.o
LOAD C:/ST/STM32CubeIDE_1.13.1/STM32CubeIDE/plugins/com.st.stm32cube.ide.mcu.externaltools.gnu-tools-for-stm32.11.3.rel1.win32_1.1.0.202305231506/tools/bin/../lib/gcc/arm-none-eabi/11.3.1/thumb/v7e-m/nofp/crtn.o
                0x0000000020004000                _estack = (ORIGIN (RAM1) + LENGTH (RAM1))
                0x0000000000000200                _Min_Heap_Size = 0x200
                0x0000000000000400                _Min_Stack_Size = 0x400

.isr_vector     0x0000000008000000      0x138
                0x0000000008000000                . = ALIGN (0x4)
 *(.isr_vector)
 .isr_vector    0x0000000008000000      0x138 ./Core/Startup/startup_stm32wle5cbux.o
                0x0000000008000000                g_pfnVectors
                0x0000000008000138                . = ALIGN (0x4)

.text           0x0000000008000138     0x515c
                0x0000000008000138                . = ALIGN (0x4)
 *(.text)
 .text          0x0000000008000138       0x40 C:/ST/STM32CubeIDE_1.13.1/STM32CubeIDE/plugins/com.st.stm32cube.ide.mcu.externaltools.gnu-tools-for-stm32.11.3.rel1.win32_1.1.0.202305231506/tools/bin/../lib/gcc/arm-none-eabi/11.3.1/thumb/v7e-m/nofp/crtbegin.o
 .text          0x0000000008000178       0x10 C:/ST/STM32CubeIDE_1.13.1/STM32CubeIDE/plugins/com.st.stm32cube.ide.mcu.externaltools.gnu-tools-for-stm32.11.3.rel1.win32_1.1.0.202305231506/tools/bin/../lib/gcc/arm-none-eabi/11.3.1/../../../../arm-none-eabi/lib/thumb/v7e-m/nofp\libc_nano.a(libc_a-strlen.o)
                0x0000000008000178                strlen
 .text          0x0000000008000188      0x378 C:/ST/STM32CubeIDE_1.13.1/STM32CubeIDE/plugins/com.st.stm32cube.ide.mcu.externaltools.gnu-tools-for-stm32.11.3.rel1.win32_1.1.0.202305231506/tools/bin/../lib/gcc/arm-none-eabi/11.3.1/thumb/v7e-m/nofp\libgcc.a(_arm_addsubdf3.o)
                0x0000000008000188                __aeabi_drsub
                0x0000000008000190                __aeabi_dsub
                0x0000000008000190                __subdf3
                0x0000000008000194                __aeabi_dadd
                0x0000000008000194                __adddf3
                0x000000000800040c                __floatunsidf
                0x000000000800040c                __aeabi_ui2d
                0x000000000800042c                __floatsidf
                0x000000000800042c                __aeabi_i2d
                0x0000000008000450                __aeabi_f2d
                0x0000000008000450                __extendsfdf2
                0x0000000008000494                __floatundidf
                0x0000000008000494                __aeabi_ul2d
                0x00000000080004a4                __floatdidf
                0x00000000080004a4                __aeabi_l2d
 .text          0x0000000008000500      0x424 C:/ST/STM32CubeIDE_1.13.1/STM32CubeIDE/plugins/com.st.stm32cube.ide.mcu.externaltools.gnu-tools-for-stm32.11.3.rel1.win32_1.1.0.202305231506/tools/bin/../lib/gcc/arm-none-eabi/11.3.1/thumb/v7e-m/nofp\libgcc.a(_arm_muldivdf3.o)
                0x0000000008000500                __aeabi_dmul
                0x0000000008000500                __muldf3
                0x0000000008000754                __divdf3
                0x0000000008000754                __aeabi_ddiv
 .text          0x0000000008000924       0x50 C:/ST/STM32CubeIDE_1.13.1/STM32CubeIDE/plugins/com.st.stm32cube.ide.mcu.externaltools.gnu-tools-for-stm32.11.3.rel1.win32_1.1.0.202305231506/tools/bin/../lib/gcc/arm-none-eabi/11.3.1/thumb/v7e-m/nofp\libgcc.a(_arm_fixdfsi.o)
                0x0000000008000924                __aeabi_d2iz
                0x0000000008000924                __fixdfsi
 .text          0x0000000008000974       0x40 C:/ST/STM32CubeIDE_1.13.1/STM32CubeIDE/plugins/com.st.stm32cube.ide.mcu.externaltools.gnu-tools-for-stm32.11.3.rel1.win32_1.1.0.202305231506/tools/bin/../lib/gcc/arm-none-eabi/11.3.1/thumb/v7e-m/nofp\libgcc.a(_arm_fixunsdfsi.o)
                0x0000000008000974                __aeabi_d2uiz
                0x0000000008000974                __fixunsdfsi
 .text          0x00000000080009b4       0x30 C:/ST/STM32CubeIDE_1.13.1/STM32CubeIDE/plugins/com.st.stm32cube.ide.mcu.externaltools.gnu-tools-for-stm32.11.3.rel1.win32_1.1.0.202305231506/tools/bin/../lib/gcc/arm-none-eabi/11.3.1/thumb/v7e-m/nofp\libgcc.a(_aeabi_uldivmod.o)
                0x00000000080009b4                __aeabi_uldivmod
 .text          0x00000000080009e4      0x2c8 C:/ST/STM32CubeIDE_1.13.1/STM32CubeIDE/plugins/com.st.stm32cube.ide.mcu.externaltools.gnu-tools-for-stm32.11.3.rel1.win32_1.1.0.202305231506/tools/bin/../lib/gcc/arm-none-eabi/11.3.1/thumb/v7e-m/nofp\libgcc.a(_udivmoddi4.o)
                0x00000000080009e4                __udivmoddi4
 .text          0x0000000008000cac        0x4 C:/ST/STM32CubeIDE_1.13.1/STM32CubeIDE/plugins/com.st.stm32cube.ide.mcu.externaltools.gnu-tools-for-stm32.11.3.rel1.win32_1.1.0.202305231506/tools/bin/../lib/gcc/arm-none-eabi/11.3.1/thumb/v7e-m/nofp\libgcc.a(_dvmd_tls.o)
                0x0000000008000cac                __aeabi_idiv0
                0x0000000008000cac                __aeabi_ldiv0
 *(.text*)
 .text.LL_RCC_HSE_EnableDiv2
                0x0000000008000cb0       0x1c ./Core/Src/main.o
 .text.LL_AHB2_GRP1_EnableClock
                0x0000000008000ccc       0x30 ./Core/Src/main.o
 .text.LED_on   0x0000000008000cfc       0x16 ./Core/Src/main.o
                0x0000000008000cfc                LED_on
 .text.LED_off  0x0000000008000d12       0x16 ./Core/Src/main.o
                0x0000000008000d12                LED_off
 .text.play_morse_char
                0x0000000008000d28      0x13c ./Core/Src/main.o
                0x0000000008000d28                play_morse_char
 .text.play_morse_word
                0x0000000008000e64       0x6c ./Core/Src/main.o
                0x0000000008000e64                play_morse_word
 .text.build_power_ramp
                0x0000000008000ed0       0xc4 ./Core/Src/main.o
                0x0000000008000ed0                build_power_ramp
 *fill*         0x0000000008000f94        0x4 
 .text.beacon_burst
                0x0000000008000f98      0x118 ./Core/Src/main.o
                0x0000000008000f98                beacon_burst
 .text.main     0x00000000080010b0      0x714 ./Core/Src/main.o
                0x00000000080010b0                main
 .text.SystemClock_Config
                0x00000000080017c4       0xa8 ./Core/Src/main.o
                0x00000000080017c4                SystemClock_Config
 .text.MX_ADC_Init
                0x000000000800186c       0x9c ./Core/Src/main.o
 .text.MX_CRC_Init
                0x0000000008001908       0x44 ./Core/Src/main.o
 .text.MX_SUBGHZ_Init
                0x000000000800194c       0x24 ./Core/Src/main.o
 .text.MX_USART2_UART_Init
                0x0000000008001970       0x98 ./Core/Src/main.o
 .text.MX_GPIO_Init
                0x0000000008001a08       0x90 ./Core/Src/main.o
 .text.SetStandbyXOSC
                0x0000000008001a98       0x28 ./Core/Src/main.o
                0x0000000008001a98                SetStandbyXOSC
 .text.SetPacketTypeLora
                0x0000000008001ac0       0x28 ./Core/Src/main.o
                0x0000000008001ac0                SetPacketTypeLora
 .text.SetPacketTypeFSK
                0x0000000008001ae8       0x24 ./Core/Src/main.o
                0x0000000008001ae8                SetPacketTypeFSK
 .text.ComputeRfFreq
                0x0000000008001b0c       0x34 ./Core/Src/main.o
                0x0000000008001b0c                ComputeRfFreq
 .text.SetRfFreq
                0x0000000008001b40       0x48 ./Core/Src/main.o
                0x0000000008001b40                SetRfFreq
 .text.SetPa22dB
                0x0000000008001b88       0x34 ./Core/Src/main.o
                0x0000000008001b88                SetPa22dB
 .text.SetTxPower
                0x0000000008001bbc       0x50 ./Core/Src/main.o
                0x0000000008001bbc                SetTxPower
 .text.SetContinuousWave
                0x0000000008001c0c       0x24 ./Core/Src/main.o
                0x0000000008001c0c                SetContinuousWave
 .text.SetTxInfinitePreamble
                0x0000000008001c30       0x24 ./Core/Src/main.o
                0x0000000008001c30                SetTxInfinitePreamble
 *fill*         0x0000000008001c54        0x4 
 .text.SetModulationParamsFSK
                0x0000000008001c58       0xbc ./Core/Src/main.o
                0x0000000008001c58                SetModulationParamsFSK
 .text.FSKBeep  0x0000000008001d14       0x50 ./Core/Src/main.o
                0x0000000008001d14                FSKBeep
 .text.CWBeep   0x0000000008001d64       0x3e ./Core/Src/main.o
                0x0000000008001d64                CWBeep
 .text.Error_Handler
                0x0000000008001da2        0xa ./Core/Src/main.o
                0x0000000008001da2                Error_Handler
 .text.LL_AHB1_GRP1_EnableClock
                0x0000000008001dac       0x30 ./Core/Src/stm32wlxx_hal_msp.o
 .text.LL_AHB2_GRP1_EnableClock
                0x0000000008001ddc       0x30 ./Core/Src/stm32wlxx_hal_msp.o
 .text.LL_APB1_GRP1_EnableClock
                0x0000000008001e0c       0x30 ./Core/Src/stm32wlxx_hal_msp.o
 .text.LL_APB2_GRP1_EnableClock
                0x0000000008001e3c       0x30 ./Core/Src/stm32wlxx_hal_msp.o
 .text.LL_APB3_GRP1_EnableClock
                0x0000000008001e6c       0x30 ./Core/Src/stm32wlxx_hal_msp.o
 .text.HAL_MspInit
                0x0000000008001e9c        0xc ./Core/Src/stm32wlxx_hal_msp.o
                0x0000000008001e9c                HAL_MspInit
 .text.HAL_ADC_MspInit
                0x0000000008001ea8       0x28 ./Core/Src/stm32wlxx_hal_msp.o
                0x0000000008001ea8                HAL_ADC_MspInit
 .text.HAL_CRC_MspInit
                0x0000000008001ed0       0x28 ./Core/Src/stm32wlxx_hal_msp.o
                0x0000000008001ed0                HAL_CRC_MspInit
 .text.HAL_SUBGHZ_MspInit
                0x0000000008001ef8       0x16 ./Core/Src/stm32wlxx_hal_msp.o
                0x0000000008001ef8                HAL_SUBGHZ_MspInit
 *fill*         0x0000000008001f0e        0x2 
 .text.HAL_UART_MspInit
                0x0000000008001f10       0x8c ./Core/Src/stm32wlxx_hal_msp.o
                0x0000000008001f10                HAL_UART_MspInit
 .text.NMI_Handler
                0x0000000008001f9c        0x6 ./Core/Src/stm32wlxx_it.o
                0x0000000008001f9c                NMI_Handler
 .text.HardFault_Handler
                0x0000000008001fa2        0x6 ./Core/Src/stm32wlxx_it.o
                0x0000000008001fa2                HardFault_Handler
 .text.MemManage_Handler
                0x0000000008001fa8        0x6 ./Core/Src/stm32wlxx_it.o
                0x0000000008001fa8                MemManage_Handler
 .text.BusFault_Handler
                0x0000000008001fae        0x6 ./Core/Src/stm32wlxx_it.o
                0x0000000008001fae                BusFault_Handler
 .text.UsageFault_Handler
                0x0000000008001fb4        0x6 ./Core/Src/stm32wlxx_it.o
                0x0000000008001fb4                UsageFault_Handler
 .text.SVC_Handler
                0x0000000008001fba        0xc ./Core/Src/stm32wlxx_it.o
                0x0000000008001fba                SVC_Handler
 .text.DebugMon_Handler
                0x0000000008001fc6        0xc ./Core/Src/stm32wlxx_it.o
                0x0000000008001fc6                DebugMon_Handler
 .text.PendSV_Handler
                0x0000000008001fd2        0xc ./Core/Src/stm32wlxx_it.o
                0x0000000008001fd2                PendSV_Handler
 .text.SysTick_Handler
                0x0000000008001fde        0xc ./Core/Src/stm32wlxx_it.o
                0x0000000008001fde                SysTick_Handler
 .text.SystemInit
                0x0000000008001fea        0xc ./Core/Src/system_stm32wlxx.o
                0x0000000008001fea                SystemInit
 *fill*         0x0000000008001ff6        0x2 
 .text.Reset_Handler
                0x0000000008001ff8       0x50 ./Core/Startup/startup_stm32wle5cbux.o
                0x0000000008001ff8                Reset_Handler
 .text.Default_Handler
                0x0000000008002048        0x2 ./Core/Startup/startup_stm32wle5cbux.o
                0x0000000008002048                RTC_Alarm_IRQHandler
                0x0000000008002048                EXTI2_IRQHandler
                0x0000000008002048                TIM1_CC_IRQHandler
                0x0000000008002048                EXTI3_IRQHandler
                0x0000000008002048                LPTIM2_IRQHandler
                0x0000000008002048                I2C3_ER_IRQHandler
                0x0000000008002048                LPTIM3_IRQHandler
                0x0000000008002048                EXTI0_IRQHandler
                0x0000000008002048                I2C2_EV_IRQHandler
                0x0000000008002048                TAMP_STAMP_LSECSS_SSRU_IRQHandler
                0x0000000008002048                SPI1_IRQHandler
                0x0000000008002048                DMA2_Channel2_IRQHandler
                0x0000000008002048                DMA1_Channel4_IRQHandler
                0x0000000008002048                PKA_IRQHandler
                0x0000000008002048                TIM17_IRQHandler
                0x0000000008002048                DMA1_Channel7_IRQHandler
                0x0000000008002048                SUBGHZSPI_IRQHandler
                0x0000000008002048                DMA2_Channel1_IRQHandler
                0x0000000008002048                I2C1_EV_IRQHandler
                0x0000000008002048                SUBGHZ_Radio_IRQHandler
                0x0000000008002048                DMAMUX1_OVR_IRQHandler
                0x0000000008002048                DMA1_Channel6_IRQHandler
                0x0000000008002048                TIM16_IRQHandler
                0x0000000008002048                DMA2_Channel4_IRQHandler
                0x0000000008002048                RCC_IRQHandler
                0x0000000008002048                TIM1_TRG_COM_IRQHandler
                0x0000000008002048                DMA1_Channel1_IRQHandler
                0x0000000008002048                Default_Handler
                0x0000000008002048                DMA2_Channel7_IRQHandler
                0x0000000008002048                EXTI15_10_IRQHandler
                0x0000000008002048                ADC_IRQHandler
                0x0000000008002048                I2C3_EV_IRQHandler
                0x0000000008002048                EXTI9_5_IRQHandler
                0x0000000008002048                RTC_WKUP_IRQHandler
                0x0000000008002048                PVD_PVM_IRQHandler
                0x0000000008002048                SPI2_IRQHandler
                0x0000000008002048                DMA2_Channel5_IRQHandler
                0x0000000008002048                DMA1_Channel5_IRQHandler
                0x0000000008002048                EXTI4_IRQHandler
                0x0000000008002048                RNG_IRQHandler
                0x0000000008002048                DMA1_Channel3_IRQHandler
                0x0000000008002048                COMP_IRQHandler
                0x0000000008002048                HSEM_IRQHandler
                0x0000000008002048                TIM1_UP_IRQHandler
                0x0000000008002048                WWDG_IRQHandler
                0x0000000008002048                LPUART1_IRQHandler
                0x0000000008002048                DMA2_Channel6_IRQHandler
                0x0000000008002048                TIM2_IRQHandler
                0x0000000008002048                TIM1_BRK_IRQHandler
                0x0000000008002048                DAC_IRQHandler
                0x0000000008002048                EXTI1_IRQHandler
                0x0000000008002048                AES_IRQHandler
                0x0000000008002048                USART2_IRQHandler
                0x0000000008002048                I2C2_ER_IRQHandler
                0x0000000008002048                DMA1_Channel2_IRQHandler
                0x0000000008002048                FLASH_IRQHandler
                0x0000000008002048                USART1_IRQHandler
                0x0000000008002048                I2C1_ER_IRQHandler
                0x0000000008002048                LPTIM1_IRQHandler
                0x0000000008002048                DMA2_Channel3_IRQHandler
 *fill*         0x000000000800204a        0x2 
 .text.HAL_Init
                0x000000000800204c       0x40 ./Drivers/STM32WLxx_HAL_Driver/Src/stm32wlxx_hal.o
                0x000000000800204c                HAL_Init
 .text.HAL_InitTick
                0x000000000800208c       0x74 ./Drivers/STM32WLxx_HAL_Driver/Src/stm32wlxx_hal.o
                0x000000000800208c                HAL_InitTick
 .text.HAL_IncTick
                0x0000000008002100       0x24 ./Drivers/STM32WLxx_HAL_Driver/Src/stm32wlxx_hal.o
                0x0000000008002100                HAL_IncTick
 .text.HAL_GetTick
                0x0000000008002124       0x14 ./Drivers/STM32WLxx_HAL_Driver/Src/stm32wlxx_hal.o
                0x0000000008002124                HAL_GetTick
 .text.HAL_Delay
                0x0000000008002138       0x48 ./Drivers/STM32WLxx_HAL_Driver/Src/stm32wlxx_hal.o
                0x0000000008002138                HAL_Delay
 .text.LL_ADC_SetSamplingTimeCommonChannels
                0x0000000008002180       0x3c ./Drivers/STM32WLxx_HAL_Driver/Src/stm32wlxx_hal_adc.o
 .text.LL_ADC_GetSamplingTimeCommonChannels
                0x00000000080021bc       0x30 ./Drivers/STM32WLxx_HAL_Driver/Src/stm32wlxx_hal_adc.o
 .text.LL_ADC_EnableInternalRegulator
                0x00000000080021ec       0x26 ./Drivers/STM32WLxx_HAL_Driver/Src/stm32wlxx_hal_adc.o
 .text.LL_ADC_IsInternalRegulatorEnabled
                0x0000000008002212       0x26 ./Drivers/STM32WLxx_HAL_Driver/Src/stm32wlxx_hal_adc.o
 .text.LL_ADC_IsEnabled
                0x0000000008002238       0x24 ./Drivers/STM32WLxx_HAL_Driver/Src/stm32wlxx_hal_adc.o
 .text.LL_ADC_REG_IsConversionOngoing
                0x000000000800225c       0x24 ./Drivers/STM32WLxx_HAL_Driver/Src/stm32wlxx_hal_adc.o
 .text.HAL_ADC_Init
                0x0000000008002280      0x328 ./Drivers/STM32WLxx_HAL_Driver/Src/stm32wlxx_hal_adc.o
                0x0000000008002280                HAL_ADC_Init
 .text.__NVIC_SetPriorityGrouping
                0x00000000080025a8       0x48 ./Drivers/STM32WLxx_HAL_Driver/Src/stm32wlxx_hal_cortex.o
 .text.__NVIC_GetPriorityGrouping
                0x00000000080025f0       0x1c ./Drivers/STM32WLxx_HAL_Driver/Src/stm32wlxx_hal_cortex.o
 .text.__NVIC_SetPriority
                0x000000000800260c       0x54 ./Drivers/STM32WLxx_HAL_Driver/Src/stm32wlxx_hal_cortex.o
 .text.NVIC_EncodePriority
                0x0000000008002660       0x64 ./Drivers/STM32WLxx_HAL_Driver/Src/stm32wlxx_hal_cortex.o
 .text.SysTick_Config
                0x00000000080026c4       0x44 ./Drivers/STM32WLxx_HAL_Driver/Src/stm32wlxx_hal_cortex.o
 .text.HAL_NVIC_SetPriorityGrouping
                0x0000000008002708       0x16 ./Drivers/STM32WLxx_HAL_Driver/Src/stm32wlxx_hal_cortex.o
                0x0000000008002708                HAL_NVIC_SetPriorityGrouping
 .text.HAL_NVIC_SetPriority
                0x000000000800271e       0x34 ./Drivers/STM32WLxx_HAL_Driver/Src/stm32wlxx_hal_cortex.o
                0x000000000800271e                HAL_NVIC_SetPriority
 .text.HAL_SYSTICK_Config
                0x0000000008002752       0x18 ./Drivers/STM32WLxx_HAL_Driver/Src/stm32wlxx_hal_cortex.o
                0x0000000008002752                HAL_SYSTICK_Config
 *fill*         0x000000000800276a        0x2 
 .text.HAL_CRC_Init
                0x000000000800276c       0xc8 ./Drivers/STM32WLxx_HAL_Driver/Src/stm32wlxx_hal_crc.o
                0x000000000800276c                HAL_CRC_Init
 .text.HAL_CRCEx_Polynomial_Set
                0x0000000008002834      0x11c ./Drivers/STM32WLxx_HAL_Driver/Src/stm32wlxx_hal_crc_ex.o
                0x0000000008002834                HAL_CRCEx_Polynomial_Set
 .text.HAL_GPIO_Init
                0x0000000008002950      0x2c0 ./Drivers/STM32WLxx_HAL_Driver/Src/stm32wlxx_hal_gpio.o
                0x0000000008002950                HAL_GPIO_Init
 .text.HAL_GPIO_WritePin
                0x0000000008002c10       0x2e ./Drivers/STM32WLxx_HAL_Driver/Src/stm32wlxx_hal_gpio.o
                0x0000000008002c10                HAL_GPIO_WritePin
 *fill*         0x0000000008002c3e        0x2 
 .text.HAL_PWR_EnableBkUpAccess
                0x0000000008002c40       0x1c ./Drivers/STM32WLxx_HAL_Driver/Src/stm32wlxx_hal_pwr.o
                0x0000000008002c40                HAL_PWR_EnableBkUpAccess
 .text.HAL_PWREx_GetVoltageRange
                0x0000000008002c5c       0x18 ./Drivers/STM32WLxx_HAL_Driver/Src/stm32wlxx_hal_pwr_ex.o
                0x0000000008002c5c                HAL_PWREx_GetVoltageRange
 .text.LL_PWR_IsEnabledBkUpAccess
                0x0000000008002c74       0x24 ./Drivers/STM32WLxx_HAL_Driver/Src/stm32wlxx_hal_rcc.o
 .text.LL_RCC_HSE_EnableTcxo
                0x0000000008002c98       0x1c ./Drivers/STM32WLxx_HAL_Driver/Src/stm32wlxx_hal_rcc.o
 .text.LL_RCC_HSE_DisableTcxo
                0x0000000008002cb4       0x1c ./Drivers/STM32WLxx_HAL_Driver/Src/stm32wlxx_hal_rcc.o
 .text.LL_RCC_HSE_IsEnabledDiv2
                0x0000000008002cd0       0x22 ./Drivers/STM32WLxx_HAL_Driver/Src/stm32wlxx_hal_rcc.o
 .text.LL_RCC_HSE_Enable
                0x0000000008002cf2       0x1c ./Drivers/STM32WLxx_HAL_Driver/Src/stm32wlxx_hal_rcc.o
 .text.LL_RCC_HSE_Disable
                0x0000000008002d0e       0x1c ./Drivers/STM32WLxx_HAL_Driver/Src/stm32wlxx_hal_rcc.o
 .text.LL_RCC_HSE_IsReady
                0x0000000008002d2a       0x22 ./Drivers/STM32WLxx_HAL_Driver/Src/stm32wlxx_hal_rcc.o
 .text.LL_RCC_HSI_Enable
                0x0000000008002d4c       0x1c ./Drivers/STM32WLxx_HAL_Driver/Src/stm32wlxx_hal_rcc.o
 .text.LL_RCC_HSI_Disable
                0x0000000008002d68       0x1c ./Drivers/STM32WLxx_HAL_Driver/Src/stm32wlxx_hal_rcc.o
 .text.LL_RCC_HSI_IsReady
                0x0000000008002d84       0x22 ./Drivers/STM32WLxx_HAL_Driver/Src/stm32wlxx_hal_rcc.o
 .text.LL_RCC_HSI_SetCalibTrimming
                0x0000000008002da6       0x28 ./Drivers/STM32WLxx_HAL_Driver/Src/stm32wlxx_hal_rcc.o
 .text.LL_RCC_LSE_IsReady
                0x0000000008002dce       0x22 ./Drivers/STM32WLxx_HAL_Driver/Src/stm32wlxx_hal_rcc.o
 .text.LL_RCC_LSI_Enable
                0x0000000008002df0       0x20 ./Drivers/STM32WLxx_HAL_Driver/Src/stm32wlxx_hal_rcc.o
 .text.LL_RCC_LSI_Disable
                0x0000000008002e10       0x20 ./Drivers/STM32WLxx_HAL_Driver/Src/stm32wlxx_hal_rcc.o
 .text.LL_RCC_LSI_IsReady
                0x0000000008002e30       0x22 ./Drivers/STM32WLxx_HAL_Driver/Src/stm32wlxx_hal_rcc.o
 .text.LL_RCC_MSI_Enable
                0x0000000008002e52       0x1c ./Drivers/STM32WLxx_HAL_Driver/Src/stm32wlxx_hal_rcc.o
 .text.LL_RCC_MSI_Disable
                0x0000000008002e6e       0x1c ./Drivers/STM32WLxx_HAL_Driver/Src/stm32wlxx_hal_rcc.o
 .text.LL_RCC_MSI_IsReady
                0x0000000008002e8a       0x20 ./Drivers/STM32WLxx_HAL_Driver/Src/stm32wlxx_hal_rcc.o
 .text.LL_RCC_MSI_IsEnabledRangeSelect
                0x0000000008002eaa       0x20 ./Drivers/STM32WLxx_HAL_Driver/Src/stm32wlxx_hal_rcc.o
 .text.LL_RCC_MSI_GetRange
                0x0000000008002eca       0x16 ./Drivers/STM32WLxx_HAL_Driver/Src/stm32wlxx_hal_rcc.o
 .text.LL_RCC_MSI_GetRangeAfterStandby
                0x0000000008002ee0       0x18 ./Drivers/STM32WLxx_HAL_Driver/Src/stm32wlxx_hal_rcc.o
 .text.LL_RCC_MSI_SetCalibTrimming
                0x0000000008002ef8       0x28 ./Drivers/STM32WLxx_HAL_Driver/Src/stm32wlxx_hal_rcc.o
 .text.LL_RCC_SetSysClkSource
                0x0000000008002f20       0x26 ./Drivers/STM32WLxx_HAL_Driver/Src/stm32wlxx_hal_rcc.o
 .text.LL_RCC_GetSysClkSource
                0x0000000008002f46       0x16 ./Drivers/STM32WLxx_HAL_Driver/Src/stm32wlxx_hal_rcc.o
 .text.LL_RCC_SetAHBPrescaler
                0x0000000008002f5c       0x26 ./Drivers/STM32WLxx_HAL_Driver/Src/stm32wlxx_hal_rcc.o
 .text.LL_RCC_SetAHB3Prescaler
                0x0000000008002f82       0x2c ./Drivers/STM32WLxx_HAL_Driver/Src/stm32wlxx_hal_rcc.o
 .text.LL_RCC_SetAPB1Prescaler
                0x0000000008002fae       0x26 ./Drivers/STM32WLxx_HAL_Driver/Src/stm32wlxx_hal_rcc.o
 .text.LL_RCC_SetAPB2Prescaler
                0x0000000008002fd4       0x26 ./Drivers/STM32WLxx_HAL_Driver/Src/stm32wlxx_hal_rcc.o
 .text.LL_RCC_GetAHBPrescaler
                0x0000000008002ffa       0x16 ./Drivers/STM32WLxx_HAL_Driver/Src/stm32wlxx_hal_rcc.o
 .text.LL_RCC_GetAHB3Prescaler
                0x0000000008003010       0x1a ./Drivers/STM32WLxx_HAL_Driver/Src/stm32wlxx_hal_rcc.o
 .text.LL_RCC_GetAPB1Prescaler
                0x000000000800302a       0x16 ./Drivers/STM32WLxx_HAL_Driver/Src/stm32wlxx_hal_rcc.o
 .text.LL_RCC_GetAPB2Prescaler
                0x0000000008003040       0x16 ./Drivers/STM32WLxx_HAL_Driver/Src/stm32wlxx_hal_rcc.o
 .text.LL_RCC_PLL_Enable
                0x0000000008003056       0x1c ./Drivers/STM32WLxx_HAL_Driver/Src/stm32wlxx_hal_rcc.o
 .text.LL_RCC_PLL_Disable
                0x0000000008003072       0x1c ./Drivers/STM32WLxx_HAL_Driver/Src/stm32wlxx_hal_rcc.o
 .text.LL_RCC_PLL_IsReady
                0x000000000800308e       0x22 ./Drivers/STM32WLxx_HAL_Driver/Src/stm32wlxx_hal_rcc.o
 .text.LL_RCC_PLL_GetN
                0x00000000080030b0       0x18 ./Drivers/STM32WLxx_HAL_Driver/Src/stm32wlxx_hal_rcc.o
 .text.LL_RCC_PLL_GetR
                0x00000000080030c8       0x16 ./Drivers/STM32WLxx_HAL_Driver/Src/stm32wlxx_hal_rcc.o
 .text.LL_RCC_PLL_GetDivider
                0x00000000080030de       0x16 ./Drivers/STM32WLxx_HAL_Driver/Src/stm32wlxx_hal_rcc.o
 .text.LL_RCC_PLL_GetMainSource
                0x00000000080030f4       0x16 ./Drivers/STM32WLxx_HAL_Driver/Src/stm32wlxx_hal_rcc.o
 .text.LL_RCC_IsActiveFlag_HPRE
                0x000000000800310a       0x22 ./Drivers/STM32WLxx_HAL_Driver/Src/stm32wlxx_hal_rcc.o
 .text.LL_RCC_IsActiveFlag_SHDHPRE
                0x000000000800312c       0x24 ./Drivers/STM32WLxx_HAL_Driver/Src/stm32wlxx_hal_rcc.o
 .text.LL_RCC_IsActiveFlag_PPRE1
                0x0000000008003150       0x22 ./Drivers/STM32WLxx_HAL_Driver/Src/stm32wlxx_hal_rcc.o
 .text.LL_RCC_IsActiveFlag_PPRE2
                0x0000000008003172       0x22 ./Drivers/STM32WLxx_HAL_Driver/Src/stm32wlxx_hal_rcc.o
 .text.HAL_RCC_OscConfig
                0x0000000008003194      0x704 ./Drivers/STM32WLxx_HAL_Driver/Src/stm32wlxx_hal_rcc.o
                0x0000000008003194                HAL_RCC_OscConfig
 .text.HAL_RCC_ClockConfig
                0x0000000008003898      0x248 ./Drivers/STM32WLxx_HAL_Driver/Src/stm32wlxx_hal_rcc.o
                0x0000000008003898                HAL_RCC_ClockConfig
 .text.HAL_RCC_GetSysClockFreq
                0x0000000008003ae0      0x140 ./Drivers/STM32WLxx_HAL_Driver/Src/stm32wlxx_hal_rcc.o
                0x0000000008003ae0                HAL_RCC_GetSysClockFreq
 .text.HAL_RCC_GetHCLKFreq
                0x0000000008003c20       0x28 ./Drivers/STM32WLxx_HAL_Driver/Src/stm32wlxx_hal_rcc.o
                0x0000000008003c20                HAL_RCC_GetHCLKFreq
 .text.HAL_RCC_GetPCLK1Freq
                0x0000000008003c48       0x24 ./Drivers/STM32WLxx_HAL_Driver/Src/stm32wlxx_hal_rcc.o
                0x0000000008003c48                HAL_RCC_GetPCLK1Freq
 .text.HAL_RCC_GetPCLK2Freq
                0x0000000008003c6c       0x24 ./Drivers/STM32WLxx_HAL_Driver/Src/stm32wlxx_hal_rcc.o
                0x0000000008003c6c                HAL_RCC_GetPCLK2Freq
 .text.RCC_SetFlashLatencyFromMSIRange
                0x0000000008003c90       0x60 ./Drivers/STM32WLxx_HAL_Driver/Src/stm32wlxx_hal_rcc.o
 .text.RCC_SetFlashLatency
                0x0000000008003cf0      0x104 ./Drivers/STM32WLxx_HAL_Driver/Src/stm32wlxx_hal_rcc.o
 .text.LL_RCC_LSE_IsReady
                0x0000000008003df4       0x22 ./Drivers/STM32WLxx_HAL_Driver/Src/stm32wlxx_hal_rcc_ex.o
 .text.LL_RCC_SetUSARTClockSource
                0x0000000008003e16       0x30 ./Drivers/STM32WLxx_HAL_Driver/Src/stm32wlxx_hal_rcc_ex.o
 .text.LL_RCC_SetI2SClockSource
                0x0000000008003e46       0x2a ./Drivers/STM32WLxx_HAL_Driver/Src/stm32wlxx_hal_rcc_ex.o
 .text.LL_RCC_SetLPUARTClockSource
                0x0000000008003e70       0x2a ./Drivers/STM32WLxx_HAL_Driver/Src/stm32wlxx_hal_rcc_ex.o
 .text.LL_RCC_SetI2CClockSource
                0x0000000008003e9a       0x38 ./Drivers/STM32WLxx_HAL_Driver/Src/stm32wlxx_hal_rcc_ex.o
 .text.LL_RCC_SetLPTIMClockSource
                0x0000000008003ed2       0x32 ./Drivers/STM32WLxx_HAL_Driver/Src/stm32wlxx_hal_rcc_ex.o
 .text.LL_RCC_SetRNGClockSource
                0x0000000008003f04       0x2a ./Drivers/STM32WLxx_HAL_Driver/Src/stm32wlxx_hal_rcc_ex.o
 .text.LL_RCC_SetADCClockSource
                0x0000000008003f2e       0x2a ./Drivers/STM32WLxx_HAL_Driver/Src/stm32wlxx_hal_rcc_ex.o
 .text.LL_RCC_SetRTCClockSource
                0x0000000008003f58       0x2a ./Drivers/STM32WLxx_HAL_Driver/Src/stm32wlxx_hal_rcc_ex.o
 .text.LL_RCC_GetRTCClockSource
                0x0000000008003f82       0x18 ./Drivers/STM32WLxx_HAL_Driver/Src/stm32wlxx_hal_rcc_ex.o
 .text.LL_RCC_ForceBackupDomainReset
                0x0000000008003f9a       0x20 ./Drivers/STM32WLxx_HAL_Driver/Src/stm32wlxx_hal_rcc_ex.o
 .text.LL_RCC_ReleaseBackupDomainReset
                0x0000000008003fba       0x20 ./Drivers/STM32WLxx_HAL_Driver/Src/stm32wlxx_hal_rcc_ex.o
 *fill*         0x0000000008003fda        0x2 
 .text.HAL_RCCEx_PeriphCLKConfig
                0x0000000008003fdc      0x234 ./Drivers/STM32WLxx_HAL_Driver/Src/stm32wlxx_hal_rcc_ex.o
                0x0000000008003fdc                HAL_RCCEx_PeriphCLKConfig
 .text.LL_PWR_SetRadioBusyTrigger
                0x0000000008004210       0x28 ./Drivers/STM32WLxx_HAL_Driver/Src/stm32wlxx_hal_subghz.o
 .text.LL_PWR_UnselectSUBGHZSPI_NSS
                0x0000000008004238       0x20 ./Drivers/STM32WLxx_HAL_Driver/Src/stm32wlxx_hal_subghz.o
 .text.LL_PWR_SelectSUBGHZSPI_NSS
                0x0000000008004258       0x20 ./Drivers/STM32WLxx_HAL_Driver/Src/stm32wlxx_hal_subghz.o
 .text.LL_PWR_ClearFlag_RFBUSY
                0x0000000008004278       0x18 ./Drivers/STM32WLxx_HAL_Driver/Src/stm32wlxx_hal_subghz.o
 .text.LL_PWR_IsActiveFlag_RFBUSYS
                0x0000000008004290       0x24 ./Drivers/STM32WLxx_HAL_Driver/Src/stm32wlxx_hal_subghz.o
 .text.LL_PWR_IsActiveFlag_RFBUSYMS
                0x00000000080042b4       0x24 ./Drivers/STM32WLxx_HAL_Driver/Src/stm32wlxx_hal_subghz.o
 .text.LL_RCC_RF_DisableReset
                0x00000000080042d8       0x20 ./Drivers/STM32WLxx_HAL_Driver/Src/stm32wlxx_hal_subghz.o
 .text.LL_RCC_IsRFUnderReset
                0x00000000080042f8       0x24 ./Drivers/STM32WLxx_HAL_Driver/Src/stm32wlxx_hal_subghz.o
 .text.LL_EXTI_EnableIT_32_63
                0x000000000800431c       0x28 ./Drivers/STM32WLxx_HAL_Driver/Src/stm32wlxx_hal_subghz.o
 .text.HAL_SUBGHZ_Init
                0x0000000008004344       0xc8 ./Drivers/STM32WLxx_HAL_Driver/Src/stm32wlxx_hal_subghz.o
                0x0000000008004344                HAL_SUBGHZ_Init
 .text.HAL_SUBGHZ_ExecSetCmd
                0x000000000800440c       0xbe ./Drivers/STM32WLxx_HAL_Driver/Src/stm32wlxx_hal_subghz.o
                0x000000000800440c                HAL_SUBGHZ_ExecSetCmd
 *fill*         0x00000000080044ca        0x2 
 .text.SUBGHZSPI_Init
                0x00000000080044cc       0x40 ./Drivers/STM32WLxx_HAL_Driver/Src/stm32wlxx_hal_subghz.o
                0x00000000080044cc                SUBGHZSPI_Init
 .text.SUBGHZSPI_Transmit
                0x000000000800450c       0xac ./Drivers/STM32WLxx_HAL_Driver/Src/stm32wlxx_hal_subghz.o
                0x000000000800450c                SUBGHZSPI_Transmit
 .text.SUBGHZ_CheckDeviceReady
                0x00000000080045b8       0x48 ./Drivers/STM32WLxx_HAL_Driver/Src/stm32wlxx_hal_subghz.o
                0x00000000080045b8                SUBGHZ_CheckDeviceReady
 .text.SUBGHZ_WaitOnBusy
                0x0000000008004600       0x5c ./Drivers/STM32WLxx_HAL_Driver/Src/stm32wlxx_hal_subghz.o
                0x0000000008004600                SUBGHZ_WaitOnBusy
 .text.LL_RCC_GetUSARTClockSource
                0x000000000800465c       0x24 ./Drivers/STM32WLxx_HAL_Driver/Src/stm32wlxx_hal_uart.o
 .text.LL_RCC_GetLPUARTClockSource
                0x0000000008004680       0x1e ./Drivers/STM32WLxx_HAL_Driver/Src/stm32wlxx_hal_uart.o
 .text.HAL_UART_Init
                0x000000000800469e       0xa0 ./Drivers/STM32WLxx_HAL_Driver/Src/stm32wlxx_hal_uart.o
                0x000000000800469e                HAL_UART_Init
 *fill*         0x000000000800473e        0x2 
 .text.UART_SetConfig
                0x0000000008004740      0x4e8 ./Drivers/STM32WLxx_HAL_Driver/Src/stm32wlxx_hal_uart.o
                0x0000000008004740                UART_SetConfig
 .text.UART_AdvFeatureConfig
                0x0000000008004c28      0x142 ./Drivers/STM32WLxx_HAL_Driver/Src/stm32wlxx_hal_uart.o
                0x0000000008004c28                UART_AdvFeatureConfig
 .text.UART_CheckIdleState
                0x0000000008004d6a       0x9c ./Drivers/STM32WLxx_HAL_Driver/Src/stm32wlxx_hal_uart.o
                0x0000000008004d6a                UART_CheckIdleState
 .text.UART_WaitOnFlagUntilTimeout
                0x0000000008004e06      0x190 ./Drivers/STM32WLxx_HAL_Driver/Src/stm32wlxx_hal_uart.o
                0x0000000008004e06                UART_WaitOnFlagUntilTimeout
 .text.HAL_UARTEx_DisableFifoMode
                0x0000000008004f96       0x70 ./Drivers/STM32WLxx_HAL_Driver/Src/stm32wlxx_hal_uart_ex.o
                0x0000000008004f96                HAL_UARTEx_DisableFifoMode
 .text.HAL_UARTEx_SetTxFifoThreshold
                0x0000000008005006       0x7c ./Drivers/STM32WLxx_HAL_Driver/Src/stm32wlxx_hal_uart_ex.o
                0x0000000008005006                HAL_UARTEx_SetTxFifoThreshold
 .text.HAL_UARTEx_SetRxFifoThreshold
                0x0000000008005082       0x7c ./Drivers/STM32WLxx_HAL_Driver/Src/stm32wlxx_hal_uart_ex.o
                0x0000000008005082                HAL_UARTEx_SetRxFifoThreshold
 *fill*         0x00000000080050fe        0x2 
 .text.UARTEx_SetNbDataToProcess
                0x0000000008005100       0x98 ./Drivers/STM32WLxx_HAL_Driver/Src/stm32wlxx_hal_uart_ex.o
 .text.lround   0x0000000008005198       0x8a C:/ST/STM32CubeIDE_1.13.1/STM32CubeIDE/plugins/com.st.stm32cube.ide.mcu.externaltools.gnu-tools-for-stm32.11.3.rel1.win32_1.1.0.202305231506/tools/bin/../lib/gcc/arm-none-eabi/11.3.1/../../../../arm-none-eabi/lib/thumb/v7e-m/nofp\libm.a(libm_a-s_lround.o)
                0x0000000008005198                lround
 .text.memset   0x0000000008005222       0x10 C:/ST/STM32CubeIDE_1.13.1/STM32CubeIDE/plugins/com.st.stm32cube.ide.mcu.externaltools.gnu-tools-for-stm32.11.3.rel1.win32_1.1.0.202305231506/tools/bin/../lib/gcc/arm-none-eabi/11.3.1/../../../../arm-none-eabi/lib/thumb/v7e-m/nofp\libc_nano.a(libc_a-memset.o)
                0x0000000008005222                memset
 *fill*         0x0000000008005232        0x2 
 .text.__libc_init_array
                0x0000000008005234       0x48 C:/ST/STM32CubeIDE_1.13.1/STM32CubeIDE/plugins/com.st.stm32cube.ide.mcu.externaltools.gnu-tools-for-stm32.11.3.rel1.win32_1.1.0.202305231506/tools/bin/../lib/gcc/arm-none-eabi/11.3.1/../../../../arm-none-eabi/lib/thumb/v7e-m/nofp\libc_nano.a(libc_a-init.o)
                0x0000000008005234                __libc_init_array
 *(.glue_7)
 .glue_7        0x000000000800527c        0x0 linker stubs
 *(.glue_7t)
 .glue_7t       0x000000000800527c        0x0 linker stubs
 *(.eh_frame)
 .eh_frame      0x000000000800527c        0x0 C:/ST/STM32CubeIDE_1.13.1/STM32CubeIDE/plugins/com.st.stm32cube.ide.mcu.externaltools.gnu-tools-for-stm32.11.3.rel1.win32_1.1.0.202305231506/tools/bin/../lib/gcc/arm-none-eabi/11.3.1/thumb/v7e-m/nofp/crtbegin.o
 *(.init)
 .init          0x000000000800527c        0x4 C:/ST/STM32CubeIDE_1.13.1/STM32CubeIDE/plugins/com.st.stm32cube.ide.mcu.externaltools.gnu-tools-for-stm32.11.3.rel1.win32_1.1.0.202305231506/tools/bin/../lib/gcc/arm-none-eabi/11.3.1/thumb/v7e-m/nofp/crti.o
                0x000000000800527c                _init
 .init          0x0000000008005280        0x8 C:/ST/STM32CubeIDE_1.13.1/STM32CubeIDE/plugins/com.st.stm32cube.ide.mcu.externaltools.gnu-tools-for-stm32.11.3.rel1.win32_1.1.0.202305231506/tools/bin/../lib/gcc/arm-none-eabi/11.3.1/thumb/v7e-m/nofp/crtn.o
 *(.fini)
 .fini          0x0000000008005288        0x4 C:/ST/STM32CubeIDE_1.13.1/STM32CubeIDE/plugins/com.st.stm32cube.ide.mcu.externaltools.gnu-tools-for-stm32.11.3.rel1.win32_1.1.0.202305231506/tools/bin/../lib/gcc/arm-none-eabi/11.3.1/thumb/v7e-m/nofp/crti.o
                0x0000000008005288                _fini
 .fini          0x000000000800528c        0x8 C:/ST/STM32CubeIDE_1.13.1/STM32CubeIDE/plugins/com.st.stm32cube.ide.mcu.externaltools.gnu-tools-for-stm32.11.3.rel1.win32_1.1.0.202305231506/tools/bin/../lib/gcc/arm-none-eabi/11.3.1/thumb/v7e-m/nofp/crtn.o
                0x0000000008005294                . = ALIGN (0x4)
                0x0000000008005294                _etext = .

.vfp11_veneer   0x0000000008005294        0x0
 .vfp11_veneer  0x0000000008005294        0x0 linker stubs

.v4_bx          0x0000000008005294        0x0
 .v4_bx         0x0000000008005294        0x0 linker stubs

.iplt           0x0000000008005294        0x0
 .iplt          0x0000000008005294        0x0 C:/ST/STM32CubeIDE_1.13.1/STM32CubeIDE/plugins/com.st.stm32cube.ide.mcu.externaltools.gnu-tools-for-stm32.11.3.rel1.win32_1.1.0.202305231506/tools/bin/../lib/gcc/arm-none-eabi/11.3.1/thumb/v7e-m/nofp/crtbegin.o

.rodata         0x0000000008005294      0x150
                0x0000000008005294                . = ALIGN (0x4)
 *(.rodata)
 .rodata        0x0000000008005294        0xd ./Core/Src/main.o
 *fill*         0x00000000080052a1        0x3 
 .rodata        0x00000000080052a4       0x1c ./Drivers/STM32WLxx_HAL_Driver/Src/stm32wlxx_hal_rcc.o
 *(.rodata*)
 .rodata.morse_chars
                0x00000000080052c0       0x5b ./Core/Src/main.o
                0x00000000080052c0                morse_chars
 *fill*         0x000000000800531b        0x1 
 .rodata.AHBPrescTable
                0x000000000800531c       0x40 ./Core/Src/system_stm32wlxx.o
                0x000000000800531c                AHBPrescTable
 .rodata.APBPrescTable
                0x000000000800535c       0x20 ./Core/Src/system_stm32wlxx.o
                0x000000000800535c                APBPrescTable
 .rodata.MSIRangeTable
                0x000000000800537c       0x40 ./Core/Src/system_stm32wlxx.o
                0x000000000800537c                MSIRangeTable
 .rodata.UARTPrescTable
                0x00000000080053bc       0x18 ./Drivers/STM32WLxx_HAL_Driver/Src/stm32wlxx_hal_uart.o
                0x00000000080053bc                UARTPrescTable
 .rodata.numerator.1
                0x00000000080053d4        0x8 ./Drivers/STM32WLxx_HAL_Driver/Src/stm32wlxx_hal_uart_ex.o
 .rodata.denominator.0
                0x00000000080053dc        0x8 ./Drivers/STM32WLxx_HAL_Driver/Src/stm32wlxx_hal_uart_ex.o
                0x00000000080053e4                . = ALIGN (0x4)

.beacon_config  0x00000000080053e4       0x48
 .beacon_config
                0x00000000080053e4       0x48 ./Core/Src/beacon_config.o
                0x00000000080053e4                beacon_config

.ARM.extab      0x000000000800542c        0x0
                0x000000000800542c                . = ALIGN (0x4)
 *(.ARM.extab* .gnu.linkonce.armextab.*)
                0x000000000800542c                . = ALIGN (0x4)

.ARM            0x000000000800542c        0x8
                0x000000000800542c                . = ALIGN (0x4)
                0x000000000800542c                __exidx_start = .
 *(.ARM.exidx*)
 .ARM.exidx     0x000000000800542c        0x8 C:/ST/STM32CubeIDE_1.13.1/STM32CubeIDE/plugins/com.st.stm32cube.ide.mcu.externaltools.gnu-tools-for-stm32.11.3.rel1.win32_1.1.0.202305231506/tools/bin/../lib/gcc/arm-none-eabi/11.3.1/thumb/v7e-m/nofp\libgcc.a(_udivmoddi4.o)
                0x0000000008005434                __exidx_end = .
                0x0000000008005434                . = ALIGN (0x4)

.rel.dyn        0x0000000008005434        0x0
 .rel.iplt      0x0000000008005434        0x0 C:/ST/STM32CubeIDE_1.13.1/STM32CubeIDE/plugins/com.st.stm32cube.ide.mcu.externaltools.gnu-tools-for-stm32.11.3.rel1.win32_1.1.0.202305231506/tools/bin/../lib/gcc/arm-none-eabi/11.3.1/thumb/v7e-m/nofp/crtbegin.o

.preinit_array  0x0000000008005434        0x0
                0x0000000008005434                . = ALIGN (0x4)
                0x0000000008005434                PROVIDE (__preinit_array_start = .)
 *(.preinit_array*)
                0x0000000008005434                PROVIDE (__preinit_array_end = .)
                0x0000000008005434                . = ALIGN (0x4)

.init_array     0x0000000008005434        0x4
                0x0000000008005434                . = ALIGN (0x4)
                0x0000000008005434                PROVIDE (__init_array_start = .)
 *(SORT_BY_NAME(.init_array.*))
 *(.init_array*)
 .init_array    0x0000000008005434        0x4 C:/ST/STM32CubeIDE_1.13.1/STM32CubeIDE/plugins/com.st.stm32cube.ide.mcu.externaltools.gnu-tools-for-stm32.11.3.rel1.win32_1.1.0.202305231506/tools/bin/../lib/gcc/arm-none-eabi/11.3.1/thumb/v7e-m/nofp/crtbegin.o
                0x0000000008005438                PROVIDE (__init_array_end = .)
                0x0000000008005438                . = ALIGN (0x4)

.fini_array     0x0000000008005438        0x4
                0x0000000008005438                . = ALIGN (0x4)
                [!provide]                        PROVIDE (__fini_array_start = .)
 *(SORT_BY_NAME(.fini_array.*))
 *(.fini_array*)
 .fini_array    0x0000000008005438        0x4 C:/ST/STM32CubeIDE_1.13.1/STM32CubeIDE/plugins/com.st.stm32cube.ide.mcu.externaltools.gnu-tools-for-stm32.11.3.rel1.win32_1.1.0.202305231506/tools/bin/../lib/gcc/arm-none-eabi/11.3.1/thumb/v7e-m/nofp/crtbegin.o
                [!provide]                        PROVIDE (__fini_array_end = .)
                0x000000000800543c                . = ALIGN (0x4)
                0x000000000800543c                _sidata = LOADADDR (.data)

.data           0x0000000020000000       0x14 load address 0x000000000800543c
                0x0000000020000000                . = ALIGN (0x4)
                0x0000000020000000                _sdata = .
 *(.data)
 *(.data*)
 .data.morse_unit_ms
                0x0000000020000000        0x4 ./Core/Src/main.o
                0x0000000020000000                morse_unit_ms
 .data.morse_power
                0x0000000020000004        0x1 ./Core/Src/main.o
                0x0000000020000004                morse_power
 *fill*         0x0000000020000005        0x3 
 .data.SystemCoreClock
                0x0000000020000008        0x4 ./Core/Src/system_stm32wlxx.o
                0x0000000020000008                SystemCoreClock
 .data.uwTickPrio
                0x000000002000000c        0x4 ./Drivers/STM32WLxx_HAL_Driver/Src/stm32wlxx_hal.o
                0x000000002000000c                uwTickPrio
 .data.uwTickFreq
                0x0000000020000010        0x1 ./Drivers/STM32WLxx_HAL_Driver/Src/stm32wlxx_hal.o
                0x0000000020000010                uwTickFreq
 *(.RamFunc)
 *(.RamFunc*)
                0x0000000020000014                . = ALIGN (0x4)
 *fill*         0x0000000020000011        0x3 
                0x0000000020000014                _edata = .

.igot.plt       0x0000000020000014        0x0 load address 0x0000000008005450
 .igot.plt      0x0000000020000014        0x0 C:/ST/STM32CubeIDE_1.13.1/STM32CubeIDE/plugins/com.st.stm32cube.ide.mcu.externaltools.gnu-tools-for-stm32.11.3.rel1.win32_1.1.0.202305231506/tools/bin/../lib/gcc/arm-none-eabi/11.3.1/thumb/v7e-m/nofp/crtbegin.o
                0x0000000020000014                . = ALIGN (0x4)

.bss            0x0000000020000014      0x148 load address 0x0000000008005450
                0x0000000020000014                _sbss = .
                0x0000000020000014                __bss_start__ = _sbss
 *(.bss)
 .bss           0x0000000020000014       0x1c C:/ST/STM32CubeIDE_1.13.1/STM32CubeIDE/plugins/com.st.stm32cube.ide.mcu.externaltools.gnu-tools-for-stm32.11.3.rel1.win32_1.1.0.202305231506/tools/bin/../lib/gcc/arm-none-eabi/11.3.1/thumb/v7e-m/nofp/crtbegin.o
 *(.bss*)
 .bss.hadc      0x0000000020000030       0x64 ./Core/Src/main.o
                0x0000000020000030                hadc
 .bss.hcrc      0x0000000020000094       0x24 ./Core/Src/main.o
                0x0000000020000094                hcrc
 .bss.hsubghz   0x00000000200000b8        0xc ./Core/Src/main.o
                0x00000000200000b8                hsubghz
 .bss.huart2    0x00000000200000c4       0x94 ./Core/Src/main.o
                0x00000000200000c4                huart2
 .bss.uwTick    0x0000000020000158        0x4 ./Drivers/STM32WLxx_HAL_Driver/Src/stm32wlxx_hal.o
                0x0000000020000158                uwTick
 *(COMMON)
                0x000000002000015c                . = ALIGN (0x4)
                0x000000002000015c                _ebss = .
                0x000000002000015c                __bss_end__ = _ebss

._user_heap_stack
                0x000000002000015c      0x604 load address 0x0000000008005450
                0x0000000020000160                . = ALIGN (0x8)
 *fill*         0x000000002000015c        0x4 
                [!provide]                        PROVIDE (end = .)
                0x0000000020000160                PROVIDE (_end = .)
                0x0000000020000360                . = (. + _Min_Heap_Size)
 *fill*         0x0000000020000160      0x200 
                0x0000000020000760                . = (. + _Min_Stack_Size)
 *fill*         0x0000000020000360      0x400 
                0x0000000020000760                . = ALIGN (0x8)

/DISCARD/
 libc.a(*)
 libm.a(*)
 libgcc.a(*)

.ARM.attributes
                0x0000000000000000       0x2a
 *(.ARM.attributes)
 .ARM.attributes
                0x0000000000000000       0x1e C:/ST/STM32CubeIDE_1.13.1/STM32CubeIDE/plugins/com.st.stm32cube.ide.mcu.externaltools.gnu-tools-for-stm32.11.3.rel1.win32_1.1.0.202305231506/tools/bin/../lib/gcc/arm-none-eabi/11.3.1/thumb/v7e-m/nofp/crti.o
 .ARM.attributes
                0x000000000000001e       0x2e C:/ST/STM32CubeIDE_1.13.1/STM32CubeIDE/plugins/com.st.stm32cube.ide.mcu.externaltools.gnu-tools-for-stm32.11.3.rel1.win32_1.1.0.202305231506/tools/bin/../lib/gcc/arm-none-eabi/11.3.1/thumb/v7e-m/nofp/crtbegin.o
 .ARM.attributes
                0x000000000000004c       0x2e ./Core/Src/beacon_config.o
 .ARM.attributes
                0x000000000000007a       0x2e ./Core/Src/main.o
 .ARM.attributes
                0x00000000000000a8       0x2e ./Core/Src/stm32wlxx_hal_msp.o
 .ARM.attributes
                0x00000000000000d6       0x2e ./Core/Src/stm32wlxx_it.o
 .ARM.attributes
                0x0000000000000104       0x2e ./Core/Src/system_stm32wlxx.o
 .ARM.attributes
                0x0000000000000132       0x21 ./Core/Startup/startup_stm32wle5cbux.o
 .ARM.attributes
                0x0000000000000153       0x2e ./Drivers/STM32WLxx_HAL_Driver/Src/stm32wlxx_hal.o
 .ARM.attributes
                0x0000000000000181       0x2e ./Drivers/STM32WLxx_HAL_Driver/Src/stm32wlxx_hal_adc.o
 .ARM.attributes
                0x00000000000001af       0x2e ./Drivers/STM32WLxx_HAL_Driver/Src/stm32wlxx_hal_cortex.o
 .ARM.attributes
                0x00000000000001dd       0x2e ./Drivers/STM32WLxx_HAL_Driver/Src/stm32wlxx_hal_crc.o
 .ARM.attributes
                0x000000000000020b       0x2e ./Drivers/STM32WLxx_HAL_Driver/Src/stm32wlxx_hal_crc_ex.o
 .ARM.attributes
                0x0000000000000239       0x2e ./Drivers/STM32WLxx_HAL_Driver/Src/stm32wlxx_hal_gpio.o
 .ARM.attributes
                0x0000000000000267       0x2e ./Drivers/STM32WLxx_HAL_Driver/Src/stm32wlxx_hal_pwr.o
 .ARM.attributes
                0x0000000000000295       0x2e ./Drivers/STM32WLxx_HAL_Driver/Src/stm32wlxx_hal_pwr_ex.o
 .ARM.attributes
                0x00000000000002c3       0x2e ./Drivers/STM32WLxx_HAL_Driver/Src/stm32wlxx_hal_rcc.o
 .ARM.attributes
                0x00000000000002f1       0x2e ./Drivers/STM32WLxx_HAL_Driver/Src/stm32wlxx_hal_rcc_ex.o
 .ARM.attributes
                0x000000000000031f       0x2e ./Drivers/STM32WLxx_HAL_Driver/Src/stm32wlxx_hal_subghz.o
 .ARM.attributes
                0x000000000000034d       0x2e ./Drivers/STM32WLxx_HAL_Driver/Src/stm32wlxx_hal_uart.o
 .ARM.attributes
                0x000000000000037b       0x2e ./Drivers/STM32WLxx_HAL_Driver/Src/stm32wlxx_hal_uart_ex.o
 .ARM.attributes
                0x00000000000003a9       0x2e C:/ST/STM32CubeIDE_1.13.1/STM32CubeIDE/plugins/com.st.stm32cube.ide.mcu.externaltools.gnu-tools-for-stm32.11.3.rel1.win32_1.1.0.202305231506/tools/bin/../lib/gcc/arm-none-eabi/11.3.1/../../../../arm-none-eabi/lib/thumb/v7e-m/nofp\libm.a(libm_a-s_lround.o)
 .ARM.attributes
                0x00000000000003d7       0x2e C:/ST/STM32CubeIDE_1.13.1/STM32CubeIDE/plugins/com.st.stm32cube.ide.mcu.externaltools.gnu-tools-for-stm32.11.3.rel1.win32_1.1.0.202305231506/tools/bin/../lib/gcc/arm-none-eabi/11.3.1/../../../../arm-none-eabi/lib/thumb/v7e-m/nofp\libc_nano.a(libc_a-memset.o)
 .ARM.attributes
                0x0000000000000405       0x2e C:/ST/STM32CubeIDE_1.13.1/STM32CubeIDE/plugins/com.st.stm32cube.ide.mcu.externaltools.gnu-tools-for-stm32.11.3.rel1.win32_1.1.0.202305231506/tools/bin/../lib/gcc/arm-none-eabi/11.3.1/../../../../arm-none-eabi/lib/thumb/v7e-m/nofp\libc_nano.a(libc_a-init.o)
 .ARM.attributes
                0x0000000000000433       0x17 C:/ST/STM32CubeIDE_1.13.1/STM32CubeIDE/plugins/com.st.stm32cube.ide.mcu.externaltools.gnu-tools-for-stm32.11.3.rel1.win32_1.1.0.202305231506/tools/bin/../lib/gcc/arm-none-eabi/11.3.1/../../../../arm-none-eabi/lib/thumb/v7e-m/nofp\libc_nano.a(libc_a-strlen.o)
 .ARM.attributes
                0x000000000000044a       0x1e C:/ST/STM32CubeIDE_1.13.1/STM32CubeIDE/plugins/com.st.stm32cube.ide.mcu.externaltools.gnu-tools-for-stm32.11.3.rel1.win32_1.1.0.202305231506/tools/bin/../lib/gcc/arm-none-eabi/11.3.1/thumb/v7e-m/nofp\libgcc.a(_arm_addsubdf3.o)
 .ARM.attributes
                0x0000000000000468       0x1e C:/ST/STM32CubeIDE_1.13.1/STM32CubeIDE/plugins/com.st.stm32cube.ide.mcu.externaltools.gnu-tools-for-stm32.11.3.rel1.win32_1.1.0.202305231506/tools/bin/../lib/gcc/arm-none-eabi/11.3.1/thumb/v7e-m/nofp\libgcc.a(_arm_muldivdf3.o)
 .ARM.attributes
                0x0000000000000486       0x1e C:/ST/STM32CubeIDE_1.13.1/STM32CubeIDE/plugins/com.st.stm32cube.ide.mcu.externaltools.gnu-tools-for-stm32.11.3.rel1.win32_1.1.0.202305231506/tools/bin/../lib/gcc/arm-none-eabi/11.3.1/thumb/v7e-m/nofp\libgcc.a(_arm_fixdfsi.o)
 .ARM.attributes
                0x00000000000004a4       0x1e C:/ST/STM32CubeIDE_1.13.1/STM32CubeIDE/plugins/com.st.stm32cube.ide.mcu.externaltools.gnu-tools-for-stm32.11.3.rel1.win32_1.1.0.202305231506/tools/bin/../lib/gcc/arm-none-eabi/11.3.1/thumb/v7e-m/nofp\libgcc.a(_arm_fixunsdfsi.o)
 .ARM.attributes
                0x00000000000004c2       0x1e C:/ST/STM32CubeIDE_1.13.1/STM32CubeIDE/plugins/com.st.stm32cube.ide.mcu.externaltools.gnu-tools-for-stm32.11.3.rel1.win32_1.1.0.202305231506/tools/bin/../lib/gcc/arm-none-eabi/11.3.1/thumb/v7e-m/nofp\libgcc.a(_aeabi_uldivmod.o)
 .ARM.attributes
                0x00000000000004e0       0x2e C:/ST/STM32CubeIDE_1.13.1/STM32CubeIDE/plugins/com.st.stm32cube.ide.mcu.externaltools.gnu-tools-for-stm32.11.3.rel1.win32_1.1.0.202305231506/tools/bin/../lib/gcc/arm-none-eabi/11.3.1/thumb/v7e-m/nofp\libgcc.a(_udivmoddi4.o)
 .ARM.attributes
                0x000000000000050e       0x1e C:/ST/STM32CubeIDE_1.13.1/STM32CubeIDE/plugins/com.st.stm32cube.ide.mcu.externaltools.gnu-tools-for-stm32.11.3.rel1.win32_1.1.0.202305231506/tools/bin/../lib/gcc/arm-none-eabi/11.3.1/thumb/v7e-m/nofp\libgcc.a(_dvmd_tls.o)
 .ARM.attributes
                0x000000000000052c       0x1e C:/ST/STM32CubeIDE_1.13.1/STM32CubeIDE/plugins/com.st.stm32cube.ide.mcu.externaltools.gnu-tools-for-stm32.11.3.rel1.win32_1.1.0.202305231506/tools/bin/../lib/gcc/arm-none-eabi/11.3.1/thumb/v7e-m/nofp/crtn.o
OUTPUT(rocketbeacon.elf elf32-littlearm)
LOAD linker stubs
LOAD C:/ST/STM32CubeIDE_1.13.1/STM32CubeIDE/plugins/com.st.stm32cube.ide.mcu.externaltools.gnu-tools-for-stm32.11.3.rel1.win32_1.1.0.202305231506/tools/bin/../lib/gcc/arm-none-eabi/11.3.1/../../../../arm-none-eabi/lib/thumb/v7e-m/nofp\libc.a
LOAD C:/ST/STM32CubeIDE_1.13.1/STM32CubeIDE/plugins/com.st.stm32cube.ide.mcu.externaltools.gnu-tools-for-stm32.11.3.rel1.win32_1.1.0.202305231506/tools/bin/../lib/gcc/arm-none-eabi/11.3.1/../../../../arm-none-eabi/lib/thumb/v7e-m/nofp\libm.a
LOAD C:/ST/STM32CubeIDE_1.13.1/STM32CubeIDE/plugins/com.st.stm32cube.ide.mcu.externaltools.gnu-tools-for-stm32.11.3.rel1.win32_1.1.0.202305231506/tools/bin/../lib/gcc/arm-none-eabi/11.3.1/thumb/v7e-m/nofp\libgcc.a

.comment        0x0000000000000000       0x43
 .comment       0x0000000000000000       0x43 C:/ST/STM32CubeIDE_1.13.1/STM32CubeIDE/plugins/com.st.stm32cube.ide.mcu.externaltools.gnu-tools-for-stm32.11.3.rel1.win32_1.1.0.202305231506/tools/bin/../lib/gcc/arm-none-eabi/11.3.1/thumb/v7e-m/nofp/crtbegin.o
                                         0x44 (size before relaxing)
 .comment       0x0000000000000043       0x44 ./Core/Src/beacon_config.o
 .comment       0x0000000000000043       0x44 ./Core/Src/main.o
 .comment       0x0000000000000043       0x44 ./Core/Src/stm32wlxx_hal_msp.o
 .comment       0x0000000000000043       0x44 ./Core/Src/stm32wlxx_it.o
 .comment       0x0000000000000043       0x44 ./Core/Src/system_stm32wlxx.o
 .comment       0x0000000000000043       0x44 ./Drivers/STM32WLxx_HAL_Driver/Src/stm32wlxx_hal.o
 .comment       0x0000000000000043       0x44 ./Drivers/STM32WLxx_HAL_Driver/Src/stm32wlxx_hal_adc.o
 .comment       0x0000000000000043       0x44 ./Drivers/STM32WLxx_HAL_Driver/Src/stm32wlxx_hal_cortex.o
 .comment       0x0000000000000043       0x44 ./Drivers/STM32WLxx_HAL_Driver/Src/stm32wlxx_hal_crc.o
 .comment       0x0000000000000043       0x44 ./Drivers/STM32WLxx_HAL_Driver/Src/stm32wlxx_hal_crc_ex.o
 .comment       0x0000000000000043       0x44 ./Drivers/STM32WLxx_HAL_Driver/Src/stm32wlxx_hal_gpio.o
 .comment       0x0000000000000043       0x44 ./Drivers/STM32WLxx_HAL_Driver/Src/stm32wlxx_hal_pwr.o
 .comment       0x0000000000000043       0x44 ./Drivers/STM32WLxx_HAL_Driver/Src/stm32wlxx_hal_pwr_ex.o
 .comment       0x0000000000000043       0x44 ./Drivers/STM32WLxx_HAL_Driver/Src/stm32wlxx_hal_rcc.o
 .comment       0x0000000000000043       0x44 ./Drivers/STM32WLxx_HAL_Driver/Src/stm32wlxx_hal_rcc_ex.o
 .comment       0x0000000000000043       0x44 ./Drivers/STM32WLxx_HAL_Driver/Src/stm32wlxx_hal_subghz.o
 .comment       0x0000000000000043       0x44 ./Drivers/STM32WLxx_HAL_Driver/Src/stm32wlxx_hal_uart.o
 .comment       0x0000000000000043       0x44 ./Drivers/STM32WLxx_HAL_Driver/Src/stm32wlxx_hal_uart_ex.o

.debug_info     0x0000000000000000    0x12160
 .debug_info    0x0000000000000000      0x1ff ./Core/Src/beacon_config.o
 .debug_info    0x00000000000001ff     0x2438 ./Core/Src/main.o
 .debug_info    0x0000000000002637     0x1490 ./Core/Src/stm32wlxx_hal_msp.o
 .debug_info    0x0000000000003ac7      0x157 ./Core/Src/stm32wlxx_it.o
 .debug_info    0x0000000000003c1e      0x413 ./Core/Src/system_stm32wlxx.o
 .debug_info    0x0000000000004031       0x23 ./Core/Startup/startup_stm32wle5cbux.o
 .debug_info    0x0000000000004054      0xe92 ./Drivers/STM32WLxx_HAL_Driver/Src/stm32wlxx_hal.o
 .debug_info    0x0000000000004ee6     0x16ac ./Drivers/STM32WLxx_HAL_Driver/Src/stm32wlxx_hal_adc.o
 .debug_info    0x0000000000006592      0xcdb ./Drivers/STM32WLxx_HAL_Driver/Src/stm32wlxx_hal_cortex.o
 .debug_info    0x000000000000726d      0x53e ./Drivers/STM32WLxx_HAL_Driver/Src/stm32wlxx_hal_crc.o
 .debug_info    0x00000000000077ab      0x35b ./Drivers/STM32WLxx_HAL_Driver/Src/stm32wlxx_hal_crc_ex.o
 .debug_info    0x0000000000007b06      0x65c ./Drivers/STM32WLxx_HAL_Driver/Src/stm32wlxx_hal_gpio.o
 .debug_info    0x0000000000008162      0x857 ./Drivers/STM32WLxx_HAL_Driver/Src/stm32wlxx_hal_pwr.o
 .debug_info    0x00000000000089b9      0xcc6 ./Drivers/STM32WLxx_HAL_Driver/Src/stm32wlxx_hal_pwr_ex.o
 .debug_info    0x000000000000967f     0x11ca ./Drivers/STM32WLxx_HAL_Driver/Src/stm32wlxx_hal_rcc.o
 .debug_info    0x000000000000a849      0xd98 ./Drivers/STM32WLxx_HAL_Driver/Src/stm32wlxx_hal_rcc_ex.o
 .debug_info    0x000000000000b5e1     0x1204 ./Drivers/STM32WLxx_HAL_Driver/Src/stm32wlxx_hal_subghz.o
 .debug_info    0x000000000000c7e5     0x4981 ./Drivers/STM32WLxx_HAL_Driver/Src/stm32wlxx_hal_uart.o
 .debug_info    0x0000000000011166      0xffa ./Drivers/STM32WLxx_HAL_Driver/Src/stm32wlxx_hal_uart_ex.o

.debug_abbrev   0x0000000000000000     0x29cd
 .debug_abbrev  0x0000000000000000       0x94 ./Core/Src/beacon_config.o
 .debug_abbrev  0x0000000000000094      0x38c ./Core/Src/main.o
 .debug_abbrev  0x0000000000000420      0x232 ./Core/Src/stm32wlxx_hal_msp.o
 .debug_abbrev  0x0000000000000652       0xac ./Core/Src/stm32wlxx_it.o
 .debug_abbrev  0x00000000000006fe      0x13d ./Core/Src/system_stm32wlxx.o
 .debug_abbrev  0x000000000000083b       0x12 ./Core/Startup/startup_stm32wle5cbux.o
 .debug_abbrev  0x000000000000084d      0x31a ./Drivers/STM32WLxx_HAL_Driver/Src/stm32wlxx_hal.o
 .debug_abbrev  0x0000000000000b67      0x2f5 ./Drivers/STM32WLxx_HAL_Driver/Src/stm32wlxx_hal_adc.o
 .debug_abbrev  0x0000000000000e5c      0x2e8 ./Drivers/STM32WLxx_HAL_Driver/Src/stm32wlxx_hal_cortex.o
 .debug_abbrev  0x0000000000001144      0x1de ./Drivers/STM32WLxx_HAL_Driver/Src/stm32wlxx_hal_crc.o
 .debug_abbrev  0x0000000000001322      0x137 ./Drivers/STM32WLxx_HAL_Driver/Src/stm32wlxx_hal_crc_ex.o
 .debug_abbrev  0x0000000000001459      0x1e7 ./Drivers/STM32WLxx_HAL_Driver/Src/stm32wlxx_hal_gpio.o
 .debug_abbrev  0x0000000000001640      0x209 ./Drivers/STM32WLxx_HAL_Driver/Src/stm32wlxx_hal_pwr.o
 .debug_abbrev  0x0000000000001849      0x2d3 ./Drivers/STM32WLxx_HAL_Driver/Src/stm32wlxx_hal_pwr_ex.o
 .debug_abbrev  0x0000000000001b1c      0x32c ./Drivers/STM32WLxx_HAL_Driver/Src/stm32wlxx_hal_rcc.o
 .debug_abbrev  0x0000000000001e48      0x2ca ./Drivers/STM32WLxx_HAL_Driver/Src/stm32wlxx_hal_rcc_ex.o
 .debug_abbrev  0x0000000000002112      0x298 ./Drivers/STM32WLxx_HAL_Driver/Src/stm32wlxx_hal_subghz.o
 .debug_abbrev  0x00000000000023aa      0x351 ./Drivers/STM32WLxx_HAL_Driver/Src/stm32wlxx_hal_uart.o
 .debug_abbrev  0x00000000000026fb      0x2d2 ./Drivers/STM32WLxx_HAL_Driver/Src/stm32wlxx_hal_uart_ex.o

.debug_aranges  0x0000000000000000     0x1398
 .debug_aranges
                0x0000000000000000       0x18 ./Core/Src/beacon_config.o
 .debug_aranges
                0x0000000000000018      0x128 ./Core/Src/main.o
 .debug_aranges
                0x0000000000000140       0xa8 ./Core/Src/stm32wlxx_hal_msp.o
 .debug_aranges
                0x00000000000001e8       0x60 ./Core/Src/stm32wlxx_it.o
 .debug_aranges
                0x0000000000000248       0x28 ./Core/Src/system_stm32wlxx.o
 .debug_aranges
                0x0000000000000270       0x28 ./Core/Startup/startup_stm32wle5cbux.o
 .debug_aranges
                0x0000000000000298      0x210 ./Drivers/STM32WLxx_HAL_Driver/Src/stm32wlxx_hal.o
 .debug_aranges
                0x00000000000004a8      0x1f0 ./Drivers/STM32WLxx_HAL_Driver/Src/stm32wlxx_hal_adc.o
 .debug_aranges
                0x0000000000000698      0x118 ./Drivers/STM32WLxx_HAL_Driver/Src/stm32wlxx_hal_cortex.o
 .debug_aranges
                0x00000000000007b0       0x60 ./Drivers/STM32WLxx_HAL_Driver/Src/stm32wlxx_hal_crc.o
 .debug_aranges
                0x0000000000000810       0x30 ./Drivers/STM32WLxx_HAL_Driver/Src/stm32wlxx_hal_crc_ex.o
 .debug_aranges
                0x0000000000000840       0x60 ./Drivers/STM32WLxx_HAL_Driver/Src/stm32wlxx_hal_gpio.o
 .debug_aranges
                0x00000000000008a0       0xc8 ./Drivers/STM32WLxx_HAL_Driver/Src/stm32wlxx_hal_pwr.o
 .debug_aranges
                0x0000000000000968      0x1d0 ./Drivers/STM32WLxx_HAL_Driver/Src/stm32wlxx_hal_pwr_ex.o
 .debug_aranges
                0x0000000000000b38      0x210 ./Drivers/STM32WLxx_HAL_Driver/Src/stm32wlxx_hal_rcc.o
 .debug_aranges
                0x0000000000000d48      0x1e8 ./Drivers/STM32WLxx_HAL_Driver/Src/stm32wlxx_hal_rcc_ex.o
 .debug_aranges
                0x0000000000000f30      0x168 ./Drivers/STM32WLxx_HAL_Driver/Src/stm32wlxx_hal_subghz.o
 .debug_aranges
                0x0000000000001098      0x258 ./Drivers/STM32WLxx_HAL_Driver/Src/stm32wlxx_hal_uart.o
 .debug_aranges
                0x00000000000012f0       0xa8 ./Drivers/STM32WLxx_HAL_Driver/Src/stm32wlxx_hal_uart_ex.o

.debug_macro    0x0000000000000000    0x1b680
 .debug_macro   0x0000000000000000       0x73 ./Core/Src/beacon_config.o
 .debug_macro   0x0000000000000073      0xaa2 ./Core/Src/beacon_config.o
 .debug_macro   0x0000000000000b15       0x22 ./Core/Src/beacon_config.o
 .debug_macro   0x0000000000000b37       0x8e ./Core/Src/beacon_config.o
 .debug_macro   0x0000000000000bc5       0x51 ./Core/Src/beacon_config.o
 .debug_macro   0x0000000000000c16      0x103 ./Core/Src/beacon_config.o
 .debug_macro   0x0000000000000d19       0x6a ./Core/Src/beacon_config.o
 .debug_macro   0x0000000000000d83      0x1df ./Core/Src/beacon_config.o
 .debug_macro   0x0000000000000f62      0x39e ./Core/Src/main.o
 .debug_macro   0x0000000000001300      0x130 ./Core/Src/main.o
 .debug_macro   0x0000000000001430       0x2e ./Core/Src/main.o
 .debug_macro   0x000000000000145e       0x34 ./Core/Src/main.o
 .debug_macro   0x0000000000001492       0x1c ./Core/Src/main.o
 .debug_macro   0x00000000000014ae       0x22 ./Core/Src/main.o
 .debug_macro   0x00000000000014d0       0xfb ./Core/Src/main.o
 .debug_macro   0x00000000000015cb     0x1011 ./Core/Src/main.o
 .debug_macro   0x00000000000025dc      0x11f ./Core/Src/main.o
 .debug_macro   0x00000000000026fb     0xce53 ./Core/Src/main.o
 .debug_macro   0x000000000000f54e       0x6d ./Core/Src/main.o
 .debug_macro   0x000000000000f5bb     0x341d ./Core/Src/main.o
 .debug_macro   0x00000000000129d8      0x174 ./Core/Src/main.o
 .debug_macro   0x0000000000012b4c       0x5c ./Core/Src/main.o
 .debug_macro   0x0000000000012ba8      0x416 ./Core/Src/main.o
 .debug_macro   0x0000000000012fbe      0x280 ./Core/Src/main.o
 .debug_macro   0x000000000001323e      0x330 ./Core/Src/main.o
 .debug_macro   0x000000000001356e      0x196 ./Core/Src/main.o
 .debug_macro   0x0000000000013704       0x43 ./Core/Src/main.o
 .debug_macro   0x0000000000013747      0x89a ./Core/Src/main.o
 .debug_macro   0x0000000000013fe1      0x5bb ./Core/Src/main.o
 .debug_macro   0x000000000001459c       0x2e ./Core/Src/main.o
 .debug_macro   0x00000000000145ca      0x236 ./Core/Src/main.o
 .debug_macro   0x0000000000014800       0xc7 ./Core/Src/main.o
 .debug_macro   0x00000000000148c7       0x4c ./Core/Src/main.o
 .debug_macro   0x0000000000014913      0x22a ./Core/Src/main.o
 .debug_macro   0x0000000000014b3d      0x352 ./Core/Src/main.o
 .debug_macro   0x0000000000014e8f       0x2e ./Core/Src/main.o
 .debug_macro   0x0000000000014ebd       0xc1 ./Core/Src/main.o
 .debug_macro   0x0000000000014f7e      0x1ba ./Core/Src/main.o
 .debug_macro   0x0000000000015138       0xe6 ./Core/Src/main.o
 .debug_macro   0x000000000001521e      0x25f ./Core/Src/main.o
 .debug_macro   0x000000000001547d      0x133 ./Core/Src/main.o
 .debug_macro   0x00000000000155b0      0x33e ./Core/Src/main.o
 .debug_macro   0x00000000000158ee      0x67c ./Core/Src/main.o
 .debug_macro   0x0000000000015f6a      0x113 ./Core/Src/main.o
 .debug_macro   0x000000000001607d      0xf9f ./Core/Src/main.o
 .debug_macro   0x000000000001701c      0x115 ./Core/Src/main.o
 .debug_macro   0x0000000000017131      0x2db ./Core/Src/main.o
 .debug_macro   0x000000000001740c      0x288 ./Core/Src/main.o
 .debug_macro   0x0000000000017694       0xd6 ./Core/Src/main.o
 .debug_macro   0x000000000001776a      0x693 ./Core/Src/main.o
 .debug_macro   0x0000000000017dfd       0xa6 ./Core/Src/main.o
 .debug_macro   0x0000000000017ea3      0x269 ./Core/Src/main.o
 .debug_macro   0x000000000001810c      0x293 ./Core/Src/main.o
 .debug_macro   0x000000000001839f       0x2e ./Core/Src/main.o
 .debug_macro   0x00000000000183cd       0x16 ./Core/Src/main.o
 .debug_macro   0x00000000000183e3       0x5f ./Core/Src/main.o
 .debug_macro   0x0000000000018442       0x76 ./Core/Src/main.o
 .debug_macro   0x00000000000184b8       0x64 ./Core/Src/main.o
 .debug_macro   0x000000000001851c       0x34 ./Core/Src/main.o
 .debug_macro   0x0000000000018550       0x22 ./Core/Src/main.o
 .debug_macro   0x0000000000018572       0x61 ./Core/Src/main.o
 .debug_macro   0x00000000000185d3       0x24 ./Core/Src/main.o
 .debug_macro   0x00000000000185f7       0x43 ./Core/Src/main.o
 .debug_macro   0x000000000001863a       0x34 ./Core/Src/main.o
 .debug_macro   0x000000000001866e       0x16 ./Core/Src/main.o
 .debug_macro   0x0000000000018684       0x43 ./Core/Src/main.o
 .debug_macro   0x00000000000186c7       0x34 ./Core/Src/main.o
 .debug_macro   0x00000000000186fb       0x10 ./Core/Src/main.o
 .debug_macro   0x000000000001870b       0x58 ./Core/Src/main.o
 .debug_macro   0x0000000000018763       0x8e ./Core/Src/main.o
 .debug_macro   0x00000000000187f1       0x1c ./Core/Src/main.o
 .debug_macro   0x000000000001880d      0x177 ./Core/Src/main.o
 .debug_macro   0x0000000000018984      0x369 ./Core/Src/main.o
 .debug_macro   0x0000000000018ced       0x10 ./Core/Src/main.o
 .debug_macro   0x0000000000018cfd       0x35 ./Core/Src/main.o
 .debug_macro   0x0000000000018d32       0x20 ./Core/Src/main.o
 .debug_macro   0x0000000000018d52      0x19b ./Core/Src/main.o
 .debug_macro   0x0000000000018eed       0x10 ./Core/Src/main.o
 .debug_macro   0x0000000000018efd      0x2a5 ./Core/Src/stm32wlxx_hal_msp.o
 .debug_macro   0x00000000000191a2      0x2af ./Core/Src/stm32wlxx_it.o
 .debug_macro   0x0000000000019451      0x255 ./Core/Src/system_stm32wlxx.o
 .debug_macro   0x00000000000196a6      0x279 ./Drivers/STM32WLxx_HAL_Driver/Src/stm32wlxx_hal.o
 .debug_macro   0x000000000001991f      0x279 ./Drivers/STM32WLxx_HAL_Driver/Src/stm32wlxx_hal_adc.o
 .debug_macro   0x0000000000019b98      0x255 ./Drivers/STM32WLxx_HAL_Driver/Src/stm32wlxx_hal_cortex.o
 .debug_macro   0x0000000000019ded      0x255 ./Drivers/STM32WLxx_HAL_Driver/Src/stm32wlxx_hal_crc.o
 .debug_macro   0x000000000001a042      0x255 ./Drivers/STM32WLxx_HAL_Driver/Src/stm32wlxx_hal_crc_ex.o
 .debug_macro   0x000000000001a297      0x25b ./Drivers/STM32WLxx_HAL_Driver/Src/stm32wlxx_hal_gpio.o
 .debug_macro   0x000000000001a4f2      0x2a3 ./Drivers/STM32WLxx_HAL_Driver/Src/stm32wlxx_hal_pwr.o
 .debug_macro   0x000000000001a795      0x267 ./Drivers/STM32WLxx_HAL_Driver/Src/stm32wlxx_hal_pwr_ex.o
 .debug_macro   0x000000000001a9fc      0x2b5 ./Drivers/STM32WLxx_HAL_Driver/Src/stm32wlxx_hal_rcc.o
 .debug_macro   0x000000000001acb1      0x267 ./Drivers/STM32WLxx_HAL_Driver/Src/stm32wlxx_hal_rcc_ex.o
 .debug_macro   0x000000000001af18      0x287 ./Drivers/STM32WLxx_HAL_Driver/Src/stm32wlxx_hal_subghz.o
 .debug_macro   0x000000000001b19f      0x280 ./Drivers/STM32WLxx_HAL_Driver/Src/stm32wlxx_hal_uart.o
 .debug_macro   0x000000000001b41f      0x261 ./Drivers/STM32WLxx_HAL_Driver/Src/stm32wlxx_hal_uart_ex.o

.debug_line     0x0000000000000000    0x13198
 .debug_line    0x0000000000000000      0x41a ./Core/Src/beacon_config.o
 .debug_line    0x000000000000041a     0x15c8 ./Core/Src/main.o
 .debug_line    0x00000000000019e2      0xaf6 ./Core/Src/stm32wlxx_hal_msp.o
 .debug_line    0x00000000000024d8      0x9a7 ./Core/Src/stm32wlxx_it.o
 .debug_line    0x0000000000002e7f      0x8ec ./Core/Src/system_stm32wlxx.o
 .debug_line    0x000000000000376b       0x7b ./Core/Startup/startup_stm32wle5cbux.o
 .debug_line    0x00000000000037e6      0xf51 ./Drivers/STM32WLxx_HAL_Driver/Src/stm32wlxx_hal.o
 .debug_line    0x0000000000004737     0x1801 ./Drivers/STM32WLxx_HAL_Driver/Src/stm32wlxx_hal_adc.o
 .debug_line    0x0000000000005f38      0xdec ./Drivers/STM32WLxx_HAL_Driver/Src/stm32wlxx_hal_cortex.o
 .debug_line    0x0000000000006d24      0xb99 ./Drivers/STM32WLxx_HAL_Driver/Src/stm32wlxx_hal_crc.o
 .debug_line    0x00000000000078bd      0x915 ./Drivers/STM32WLxx_HAL_Driver/Src/stm32wlxx_hal_crc_ex.o
 .debug_line    0x00000000000081d2      0xc61 ./Drivers/STM32WLxx_HAL_Driver/Src/stm32wlxx_hal_gpio.o
 .debug_line    0x0000000000008e33      0xaeb ./Drivers/STM32WLxx_HAL_Driver/Src/stm32wlxx_hal_pwr.o
 .debug_line    0x000000000000991e      0xf2b ./Drivers/STM32WLxx_HAL_Driver/Src/stm32wlxx_hal_pwr_ex.o
 .debug_line    0x000000000000a849     0x176d ./Drivers/STM32WLxx_HAL_Driver/Src/stm32wlxx_hal_rcc.o
 .debug_line    0x000000000000bfb6     0x148d ./Drivers/STM32WLxx_HAL_Driver/Src/stm32wlxx_hal_rcc_ex.o
 .debug_line    0x000000000000d443     0x1164 ./Drivers/STM32WLxx_HAL_Driver/Src/stm32wlxx_hal_subghz.o
 .debug_line    0x000000000000e5a7     0x3d47 ./Drivers/STM32WLxx_HAL_Driver/Src/stm32wlxx_hal_uart.o
 .debug_line    0x00000000000122ee      0xeaa ./Drivers/STM32WLxx_HAL_Driver/Src/stm32wlxx_hal_uart_ex.o

.debug_str      0x0000000000000000    0xab44b
 .debug_str     0x0000000000000000     0x3ca4 ./Core/Src/beacon_config.o
                                       0x3e1c (size before relaxing)
 .debug_str     0x0000000000003ca4    0xa2b5e ./Core/Src/main.o
                                      0xa7082 (size before relaxing)
 .debug_str     0x00000000000a6802      0x2fb ./Core/Src/stm32wlxx_hal_msp.o
                                      0xa2e5e (size before relaxing)
 .debug_str     0x00000000000a6afd       0xc9 ./Core/Src/stm32wlxx_it.o
                                      0xa2057 (size before relaxing)
 .debug_str     0x00000000000a6bc6       0x9e ./Core/Src/system_stm32wlxx.o
                                      0xa14f0 (size before relaxing)
 .debug_str     0x00000000000a6c64       0x34 ./Core/Startup/startup_stm32wle5cbux.o
                                         0x63 (size before relaxing)
 .debug_str     0x00000000000a6c98      0xbc4 ./Drivers/STM32WLxx_HAL_Driver/Src/stm32wlxx_hal.o
                                      0xa21a2 (size before relaxing)
 .debug_str     0x00000000000a785c      0x921 ./Drivers/STM32WLxx_HAL_Driver/Src/stm32wlxx_hal_adc.o
                                      0xa223c (size before relaxing)
 .debug_str     0x00000000000a817d      0x389 ./Drivers/STM32WLxx_HAL_Driver/Src/stm32wlxx_hal_cortex.o
                                      0xa1c60 (size before relaxing)
 .debug_str     0x00000000000a8506       0xc6 ./Drivers/STM32WLxx_HAL_Driver/Src/stm32wlxx_hal_crc.o
                                      0xa15e2 (size before relaxing)
 .debug_str     0x00000000000a85cc       0x69 ./Drivers/STM32WLxx_HAL_Driver/Src/stm32wlxx_hal_crc_ex.o
                                      0xa1588 (size before relaxing)
 .debug_str     0x00000000000a8635      0x152 ./Drivers/STM32WLxx_HAL_Driver/Src/stm32wlxx_hal_gpio.o
                                      0xa15d6 (size before relaxing)
 .debug_str     0x00000000000a8787      0x4ca ./Drivers/STM32WLxx_HAL_Driver/Src/stm32wlxx_hal_pwr.o
                                      0xa1947 (size before relaxing)
 .debug_str     0x00000000000a8c51      0x625 ./Drivers/STM32WLxx_HAL_Driver/Src/stm32wlxx_hal_pwr_ex.o
                                      0xa1c94 (size before relaxing)
 .debug_str     0x00000000000a9276      0xa2d ./Drivers/STM32WLxx_HAL_Driver/Src/stm32wlxx_hal_rcc.o
                                      0xa220b (size before relaxing)
 .debug_str     0x00000000000a9ca3      0x564 ./Drivers/STM32WLxx_HAL_Driver/Src/stm32wlxx_hal_rcc_ex.o
                                      0xa1ddf (size before relaxing)
 .debug_str     0x00000000000aa207      0x5e7 ./Drivers/STM32WLxx_HAL_Driver/Src/stm32wlxx_hal_subghz.o
                                      0xa1fbd (size before relaxing)
 .debug_str     0x00000000000aa7ee      0x9f2 ./Drivers/STM32WLxx_HAL_Driver/Src/stm32wlxx_hal_uart.o
                                      0xa252e (size before relaxing)
 .debug_str     0x00000000000ab1e0      0x26b ./Drivers/STM32WLxx_HAL_Driver/Src/stm32wlxx_hal_uart_ex.o
                                      0xa1ce4 (size before relaxing)

.debug_rnglists
                0x0000000000000000      0xed3
 .debug_rnglists
                0x0000000000000000       0xe3 ./Core/Src/main.o
 .debug_rnglists
                0x00000000000000e3       0x7a ./Core/Src/stm32wlxx_hal_msp.o
 .debug_rnglists
                0x000000000000015d       0x43 ./Core/Src/stm32wlxx_it.o
 .debug_rnglists
                0x00000000000001a0       0x1a ./Core/Src/system_stm32wlxx.o
 .debug_rnglists
                0x00000000000001ba       0x19 ./Core/Startup/startup_stm32wle5cbux.o
 .debug_rnglists
                0x00000000000001d3      0x187 ./Drivers/STM32WLxx_HAL_Driver/Src/stm32wlxx_hal.o
 .debug_rnglists
                0x000000000000035a      0x17e ./Drivers/STM32WLxx_HAL_Driver/Src/stm32wlxx_hal_adc.o
 .debug_rnglists
                0x00000000000004d8       0xce ./Drivers/STM32WLxx_HAL_Driver/Src/stm32wlxx_hal_cortex.o
 .debug_rnglists
                0x00000000000005a6       0x47 ./Drivers/STM32WLxx_HAL_Driver/Src/stm32wlxx_hal_crc.o
 .debug_rnglists
                0x00000000000005ed       0x20 ./Drivers/STM32WLxx_HAL_Driver/Src/stm32wlxx_hal_crc_ex.o
 .debug_rnglists
                0x000000000000060d       0x45 ./Drivers/STM32WLxx_HAL_Driver/Src/stm32wlxx_hal_gpio.o
 .debug_rnglists
                0x0000000000000652       0x91 ./Drivers/STM32WLxx_HAL_Driver/Src/stm32wlxx_hal_pwr.o
 .debug_rnglists
                0x00000000000006e3      0x15c ./Drivers/STM32WLxx_HAL_Driver/Src/stm32wlxx_hal_pwr_ex.o
 .debug_rnglists
                0x000000000000083f      0x18d ./Drivers/STM32WLxx_HAL_Driver/Src/stm32wlxx_hal_rcc.o
 .debug_rnglists
                0x00000000000009cc      0x16e ./Drivers/STM32WLxx_HAL_Driver/Src/stm32wlxx_hal_rcc_ex.o
 .debug_rnglists
                0x0000000000000b3a      0x114 ./Drivers/STM32WLxx_HAL_Driver/Src/stm32wlxx_hal_subghz.o
 .debug_rnglists
                0x0000000000000c4e      0x206 ./Drivers/STM32WLxx_HAL_Driver/Src/stm32wlxx_hal_uart.o
 .debug_rnglists
                0x0000000000000e54       0x7f ./Drivers/STM32WLxx_HAL_Driver/Src/stm32wlxx_hal_uart_ex.o

.debug_frame    0x0000000000000000     0x5350
 .debug_frame   0x0000000000000000      0x4a8 ./Core/Src/main.o
 .debug_frame   0x00000000000004a8      0x2b8 ./Core/Src/stm32wlxx_hal_msp.o
 .debug_frame   0x0000000000000760      0x104 ./Core/Src/stm32wlxx_it.o
 .debug_frame   0x0000000000000864       0x58 ./Core/Src/system_stm32wlxx.o
 .debug_frame   0x00000000000008bc      0x860 ./Drivers/STM32WLxx_HAL_Driver/Src/stm32wlxx_hal.o
 .debug_frame   0x000000000000111c      0x90c ./Drivers/STM32WLxx_HAL_Driver/Src/stm32wlxx_hal_adc.o
 .debug_frame   0x0000000000001a28      0x498 ./Drivers/STM32WLxx_HAL_Driver/Src/stm32wlxx_hal_cortex.o
 .debug_frame   0x0000000000001ec0      0x168 ./Drivers/STM32WLxx_HAL_Driver/Src/stm32wlxx_hal_crc.o
 .debug_frame   0x0000000000002028       0x88 ./Drivers/STM32WLxx_HAL_Driver/Src/stm32wlxx_hal_crc_ex.o
 .debug_frame   0x00000000000020b0      0x174 ./Drivers/STM32WLxx_HAL_Driver/Src/stm32wlxx_hal_gpio.o
 .debug_frame   0x0000000000002224      0x31c ./Drivers/STM32WLxx_HAL_Driver/Src/stm32wlxx_hal_pwr.o
 .debug_frame   0x0000000000002540      0x7cc ./Drivers/STM32WLxx_HAL_Driver/Src/stm32wlxx_hal_pwr_ex.o
 .debug_frame   0x0000000000002d0c      0x874 ./Drivers/STM32WLxx_HAL_Driver/Src/stm32wlxx_hal_rcc.o
 .debug_frame   0x0000000000003580      0x7ec ./Drivers/STM32WLxx_HAL_Driver/Src/stm32wlxx_hal_rcc_ex.o
 .debug_frame   0x0000000000003d6c      0x624 ./Drivers/STM32WLxx_HAL_Driver/Src/stm32wlxx_hal_subghz.o
 .debug_frame   0x0000000000004390      0xae4 ./Drivers/STM32WLxx_HAL_Driver/Src/stm32wlxx_hal_uart.o
 .debug_frame   0x0000000000004e74      0x2c0 ./Drivers/STM32WLxx_HAL_Driver/Src/stm32wlxx_hal_uart_ex.o
 .debug_frame   0x0000000000005134       0x2c C:/ST/STM32CubeIDE_1.13.1/STM32CubeIDE/plugins/com.st.stm32cube.ide.mcu.externaltools.gnu-tools-for-stm32.11.3.rel1.win32_1.1.0.202305231506/tools/bin/../lib/gcc/arm-none-eabi/11.3.1/../../../../arm-none-eabi/lib/thumb/v7e-m/nofp\libm.a(libm_a-s_lround.o)
 .debug_frame   0x0000000000005160       0x20 C:/ST/STM32CubeIDE_1.13.1/STM32CubeIDE/plugins/com.st.stm32cube.ide.mcu.externaltools.gnu-tools-for-stm32.11.3.rel1.win32_1.1.0.202305231506/tools/bin/../lib/gcc/arm-none-eabi/11.3.1/../../../../arm-none-eabi/lib/thumb/v7e-m/nofp\libc_nano.a(libc_a-memset.o)
 .debug_frame   0x0000000000005180       0x2c C:/ST/STM32CubeIDE_1.13.1/STM32CubeIDE/plugins/com.st.stm32cube.ide.mcu.externaltools.gnu-tools-for-stm32.11.3.rel1.win32_1.1.0.202305231506/tools/bin/../lib/gcc/arm-none-eabi/11.3.1/../../../../arm-none-eabi/lib/thumb/v7e-m/nofp\libc_nano.a(libc_a-init.o)
 .debug_frame   0x00000000000051ac       0xac C:/ST/STM32CubeIDE_1.13.1/STM32CubeIDE/plugins/com.st.stm32cube.ide.mcu.externaltools.gnu-tools-for-stm32.11.3.rel1.win32_1.1.0.202305231506/tools/bin/../lib/gcc/arm-none-eabi/11.3.1/thumb/v7e-m/nofp\libgcc.a(_arm_addsubdf3.o)
 .debug_frame   0x0000000000005258       0x50 C:/ST/STM32CubeIDE_1.13.1/STM32CubeIDE/plugins/com.st.stm32cube.ide.mcu.externaltools.gnu-tools-for-stm32.11.3.rel1.win32_1.1.0.202305231506/tools/bin/../lib/gcc/arm-none-eabi/11.3.1/thumb/v7e-m/nofp\libgcc.a(_arm_muldivdf3.o)
 .debug_frame   0x00000000000052a8       0x24 C:/ST/STM32CubeIDE_1.13.1/STM32CubeIDE/plugins/com.st.stm32cube.ide.mcu.externaltools.gnu-tools-for-stm32.11.3.rel1.win32_1.1.0.202305231506/tools/bin/../lib/gcc/arm-none-eabi/11.3.1/thumb/v7e-m/nofp\libgcc.a(_arm_fixdfsi.o)
 .debug_frame   0x00000000000052cc       0x24 C:/ST/STM32CubeIDE_1.13.1/STM32CubeIDE/plugins/com.st.stm32cube.ide.mcu.externaltools.gnu-tools-for-stm32.11.3.rel1.win32_1.1.0.202305231506/tools/bin/../lib/gcc/arm-none-eabi/11.3.1/thumb/v7e-m/nofp\libgcc.a(_arm_fixunsdfsi.o)
 .debug_frame   0x00000000000052f0       0x2c C:/ST/STM32CubeIDE_1.13.1/STM32CubeIDE/plugins/com.st.stm32cube.ide.mcu.externaltools.gnu-tools-for-stm32.11.3.rel1.win32_1.1.0.202305231506/tools/bin/../lib/gcc/arm-none-eabi/11.3.1/thumb/v7e-m/nofp\libgcc.a(_aeabi_uldivmod.o)
 .debug_frame   0x000000000000531c       0x34 C:/ST/STM32CubeIDE_1.13.1/STM32CubeIDE/plugins/com.st.stm32cube.ide.mcu.externaltools.gnu-tools-for-stm32.11.3.rel1.win32_1.1.0.202305231506/tools/bin/../lib/gcc/arm-none-eabi/11.3.1/thumb/v7e-m/nofp\libgcc.a(_udivmoddi4.o)

.debug_line_str
                0x0000000000000000       0x57
 .debug_line_str
                0x0000000000000000       0x57 ./Core/Startup/startup_stm32wle5cbux.o
                                         0x6f (size before relaxing)
